<html>
<body>
<pre>
<h1>礦ision Build Log</h1>
<h2>Tool Versions:</h2>
IDE-Version: μVision V5.23.0.0
Copyright (C) 2017 ARM Ltd and ARM Germany GmbH. All rights reserved.
License Information: zch zch, zzz, LIC=LJWP0-BHLVM-5BAEB-2QLF6-IIFFL-LU5CH
 
Tool Versions:
Toolchain:       MDK-ARM Professional  Version: 5.23
Toolchain Path:  C:\Keil_v5\ARM\ARMCC\Bin
C Compiler:      Armcc.exe V5.06 update 4 (build 422)
Assembler:       Armasm.exe V5.06 update 4 (build 422)
Linker/Locator:  ArmLink.exe V5.06 update 4 (build 422)
Library Manager: ArmAr.exe V5.06 update 4 (build 422)
Hex Converter:   FromElf.exe V5.06 update 4 (build 422)
CPU DLL:         SARMCM3.DLL V5.23
Dialog DLL:      DCM.DLL V1.15.0.0
Target DLL:      STLink\ST-LINKIII-KEIL_SWO.dll V2.0.18.0
Dialog DLL:      TCM.DLL V1.27.0.0
 
<h2>Project:</h2>
E:\学习\课程\大三\大三下\嵌入式\课程设计\课设代码\3ledkey -lcd\USER\zhangchenhao.uvprojx
Project File Date:  04/13/2025

<h2>Output:</h2>
*** Using Compiler 'V5.06 update 4 (build 422)', folder: 'C:\Keil_v5\ARM\ARMCC\Bin'
Rebuild target 'LED'
compiling led.c...
compiling system_stm32f4xx.c...
compiling stm32f4xx_spi.c...
compiling RCC.c...
compiling stm32f4xx_it.c...
compiling Timer.c...
compiling pwm.c...
compiling stm32f4xx_dma.c...
compiling main.c...
compiling font.c...
font.c(22): warning:  #1-D: last line of file ends without a newline
  };
font.c: 1 warning, 0 errors
compiling key.c...
compiling lcd.c...
compiling lsens.c...
compiling adc3.c...
compiling tm_stm32f4_dma.c...
compiling tm_stm32f4_gpio.c...
compiling tm_stm32f4_fonts.c...
compiling tm_stm32f4_spi.c...
compiling tm_stm32f4_ili9341.c...
compiling tm_stm32f4_spi_dma.c...
assembling startup_stm32f429_439xx.s...
compiling SysTick.c...
compiling delay.c...
compiling sys.c...
compiling usart.c...
compiling misc.c...
compiling stm32f4xx_gpio.c...
compiling stm32f4xx_syscfg.c...
compiling stm32f4xx_usart.c...
compiling stm32f4xx_rcc.c...
compiling stm32f4xx_tim.c...
compiling stm32f4xx_flash.c...
compiling stm32f4xx_pwr.c...
compiling stm32f4xx_adc.c...
linking...
Program Size: Code=27372 RO-data=10788 RW-data=300 ZI-data=1708  
FromELF: creating hex file...
"..\OBJ\LED.axf" - 0 Error(s), 1 Warning(s).

<h2>Collection of Component include folders:</h2>
  .\RTE\_LED
  C:\Keil_v5\ARM\PACK\Keil\STM32F4xx_DFP\2.7.0\Drivers\CMSIS\Device\ST\STM32F4xx\Include

<h2>Collection of Component Files used:</h2>
Build Time Elapsed:  00:00:06
</pre>
</body>
</html>
