Component: ARM Compiler 5.06 update 4 (build 422) Tool: armlink [4d35d2]

==============================================================================

Section Cross References

    main.o(.text) refers to tm_stm32f4_ili9341.o(.text) for TM_ILI9341_DrawPixel
    main.o(.text) refers to misc.o(.text) for NVIC_PriorityGroupConfig
    main.o(.text) refers to delay.o(.text) for delay_init
    main.o(.text) refers to usart.o(.text) for uart_init
    main.o(.text) refers to systick.o(.text) for InitSysTick
    main.o(.text) refers to rcc.o(.text) for InitRCC
    main.o(.text) refers to timer.o(.text) for InitTimer
    main.o(.text) refers to led.o(.text) for LED_Init
    main.o(.text) refers to pwm.o(.text) for PWM_Init
    main.o(.text) refers to key.o(.text) for KEY_Init
    main.o(.text) refers to stm32f4xx_rcc.o(.text) for RCC_AHB1PeriphClockCmd
    main.o(.text) refers to stm32f4xx_gpio.o(.text) for GPIO_Init
    main.o(.text) refers to lsens.o(.text) for Lsens_Init
    main.o(.text) refers to printfa.o(i.__0snprintf) for __2snprintf
    main.o(.text) refers to f2d.o(.text) for __aeabi_f2d
    main.o(.text) refers to main.o(.bss) for prev_wave_y
    main.o(.text) refers to main.o(.data) for g_breath_period
    main.o(.text) refers to tm_stm32f4_fonts.o(.data) for TM_Font_7x10
    main.o(.data) refers to main.o(.conststring) for .conststring
    system_stm32f4xx.o(.text) refers to system_stm32f4xx.o(.data) for SystemCoreClock
    stm32f4xx_spi.o(.text) refers to stm32f4xx_rcc.o(.text) for RCC_APB2PeriphResetCmd
    led.o(.text) refers to stm32f4xx_rcc.o(.text) for RCC_AHB1PeriphClockCmd
    led.o(.text) refers to stm32f4xx_gpio.o(.text) for GPIO_Init
    led.o(.text) refers to led.o(.data) for a_iCnt
    timer.o(.text) refers to stm32f4xx_rcc.o(.text) for RCC_APB1PeriphClockCmd
    timer.o(.text) refers to stm32f4xx_tim.o(.text) for TIM_TimeBaseInit
    timer.o(.text) refers to misc.o(.text) for NVIC_Init
    timer.o(.text) refers to timer.o(.data) for s_iCnt2
    pwm.o(.text) refers to stm32f4xx_tim.o(.text) for TIM_SetCompare1
    pwm.o(.text) refers to stm32f4xx_rcc.o(.text) for RCC_APB1PeriphClockCmd
    pwm.o(.text) refers to stm32f4xx_gpio.o(.text) for GPIO_Init
    rcc.o(.text) refers to stm32f4xx_rcc.o(.text) for RCC_HSEConfig
    rcc.o(.text) refers to stm32f4xx_pwr.o(.text) for PWR_MainRegulatorModeConfig
    rcc.o(.text) refers to stm32f4xx_flash.o(.text) for FLASH_PrefetchBufferCmd
    key.o(.text) refers to stm32f4xx_rcc.o(.text) for RCC_AHB1PeriphClockCmd
    key.o(.text) refers to stm32f4xx_gpio.o(.text) for GPIO_Init
    key.o(.text) refers to delay.o(.text) for delay_ms
    key.o(.text) refers to key.o(.data) for key_up
    lcd.o(.text) refers to stm32f4xx_gpio.o(.text) for GPIO_SetBits
    lsens.o(.text) refers to stm32f4xx_rcc.o(.text) for RCC_AHB1PeriphClockCmd
    lsens.o(.text) refers to stm32f4xx_gpio.o(.text) for GPIO_Init
    lsens.o(.text) refers to adc3.o(.text) for Adc3_Init
    lsens.o(.text) refers to printfa.o(i.__0printf) for __2printf
    lsens.o(.text) refers to lsens.o(.data) for adc_accumulate
    lsens.o(.text) refers to system_stm32f4xx.o(.data) for SystemCoreClock
    adc3.o(.text) refers to stm32f4xx_rcc.o(.text) for RCC_APB2PeriphClockCmd
    adc3.o(.text) refers to stm32f4xx_adc.o(.text) for ADC_CommonInit
    tm_stm32f4_dma.o(.text) refers to misc.o(.text) for NVIC_Init
    tm_stm32f4_dma.o(.text) refers to tm_stm32f4_dma.o(.constdata) for DMA_Flags_Bit_Pos
    tm_stm32f4_fonts.o(.text) refers to strlen.o(.text) for strlen
    tm_stm32f4_fonts.o(.data) refers to tm_stm32f4_fonts.o(.constdata) for TM_Font7x10
    tm_stm32f4_gpio.o(.text) refers to tm_stm32f4_gpio.o(.bss) for GPIO_UsedPins
    tm_stm32f4_ili9341.o(.text) refers to stm32f4xx_gpio.o(.text) for GPIO_ResetBits
    tm_stm32f4_ili9341.o(.text) refers to tm_stm32f4_spi.o(.text) for TM_SPI_SetDataSize
    tm_stm32f4_ili9341.o(.text) refers to tm_stm32f4_spi_dma.o(.text) for TM_SPI_DMA_SendHalfWord
    tm_stm32f4_ili9341.o(.text) refers to tm_stm32f4_gpio.o(.text) for TM_GPIO_Init
    tm_stm32f4_ili9341.o(.text) refers to tm_stm32f4_ili9341.o(.data) for ILI9341_Opts
    tm_stm32f4_spi.o(.text) refers to tm_stm32f4_gpio.o(.text) for TM_GPIO_InitAlternate
    tm_stm32f4_spi.o(.text) refers to stm32f4xx_spi.o(.text) for SPI_StructInit
    tm_stm32f4_spi.o(.text) refers to stm32f4xx_rcc.o(.text) for RCC_GetClocksFreq
    tm_stm32f4_spi_dma.o(.text) refers to stm32f4xx_dma.o(.text) for DMA_DeInit
    tm_stm32f4_spi_dma.o(.text) refers to tm_stm32f4_dma.o(.text) for TM_DMA_ClearFlag
    tm_stm32f4_spi_dma.o(.text) refers to tm_stm32f4_spi_dma.o(.data) for SPI1_DMA_INT
    tm_stm32f4_spi_dma.o(.text) refers to tm_stm32f4_spi_dma.o(.bss) for DMA_InitStruct
    systick.o(.text) refers to system_stm32f4xx.o(.data) for SystemCoreClock
    systick.o(.text) refers to systick.o(.data) for TM_Time
[...]
    .text                                    0x080006e8   Section        0  stm32f4xx_it.o(.text)
    .text                                    0x08000700   Section        0  system_stm32f4xx.o(.text)
    SetSysClock                              0x08000701   Thumb Code   272  system_stm32f4xx.o(.text)
    .text                                    0x08000944   Section        0  stm32f4xx_dma.o(.text)
    .text                                    0x08000cec   Section        0  stm32f4xx_spi.o(.text)
    .text                                    0x0800113c   Section        0  led.o(.text)
    .text                                    0x080011fc   Section        0  timer.o(.text)
    ConfigTimer2                             0x080011fd   Thumb Code    98  timer.o(.text)
    .text                                    0x080012b4   Section        0  pwm.o(.text)
    .text                                    0x08001434   Section        0  rcc.o(.text)
    ConfigRCC                                0x08001435   Thumb Code   202  rcc.o(.text)
    .text                                    0x08001508   Section        0  key.o(.text)
    .text                                    0x080015ec   Section        0  lsens.o(.text)
    .text                                    0x08001708   Section        0  adc3.o(.text)
    .text                                    0x080017a8   Section        0  tm_stm32f4_dma.o(.text)
    TM_DMA_INT_ProcessInterrupt              0x0800190d   Thumb Code   124  tm_stm32f4_dma.o(.text)
    .text                                    0x08001a5c   Section        0  tm_stm32f4_gpio.o(.text)
    .text                                    0x08001d5c   Section        0  tm_stm32f4_ili9341.o(.text)
    TM_SPI_Send                              0x08001d5d   Thumb Code    66  tm_stm32f4_ili9341.o(.text)
    .text                                    0x080027f4   Section        0  tm_stm32f4_spi.o(.text)
    TM_SPIx_Init                             0x080029ab   Thumb Code   334  tm_stm32f4_spi.o(.text)
    .text                                    0x08002fa4   Section        0  tm_stm32f4_spi_dma.o(.text)
    TM_SPI_DMA_INT_GetSettings               0x08002fa5   Thumb Code    52  tm_stm32f4_spi_dma.o(.text)
    .text                                    0x080032e0   Section        0  systick.o(.text)
    NVIC_SetPriority                         0x080032e1   Thumb Code    32  systick.o(.text)
    SysTick_Config                           0x08003301   Thumb Code    50  systick.o(.text)
    .text                                    0x080033c8   Section        0  delay.o(.text)
    .text                                    0x080034cc   Section        0  usart.o(.text)
    .text                                    0x08003638   Section       36  startup_stm32f429_439xx.o(.text)
    $v0                                      0x08003638   Number         0  startup_stm32f429_439xx.o(.text)
    .text                                    0x0800365c   Section        0  misc.o(.text)
    .text                                    0x0800373c   Section        0  stm32f4xx_gpio.o(.text)
    .text                                    0x080039d0   Section        0  stm32f4xx_rcc.o(.text)
    .text                                    0x08004030   Section        0  stm32f4xx_usart.o(.text)
    .text                                    0x08004484   Section        0  stm32f4xx_tim.o(.text)
    TI4_Config                               0x08004c23   Thumb Code    80  stm32f4xx_tim.o(.text)
    TI3_Config                               0x08004c85   Thumb Code    72  stm32f4xx_tim.o(.text)
    TI2_Config                               0x08004ce7   Thumb Code    90  stm32f4xx_tim.o(.text)
    TI1_Config                               0x08004d53   Thumb Code    58  stm32f4xx_tim.o(.text)
    .text                                    0x08005128   Section        0  stm32f4xx_flash.o(.text)
    .text                                    0x080057c0   Section        0  stm32f4xx_pwr.o(.text)
    .text                                    0x08005940   Section        0  stm32f4xx_adc.o(.text)
    .text                                    0x08005da4   Section        0  f2d.o(.text)
    .text                                    0x08005dca   Section        0  uidiv.o(.text)
    .text                                    0x08005df6   Section        0  uldiv.o(.text)
    .text                                    0x08005e58   Section        0  iusefp.o(.text)
    .text                                    0x08005e58   Section        0  dadd.o(.text)
    .text                                    0x08005fa6   Section        0  dmul.o(.text)
    .text                                    0x0800608a   Section        0  ddiv.o(.text)
    .text                                    0x08006168   Section        0  dfixul.o(.text)
    .text                                    0x08006198   Section       48  cdrcmple.o(.text)
    .text                                    0x080061c8   Section       36  init.o(.text)
    .text                                    0x080061ec   Section        0  llshl.o(.text)
    .text                                    0x0800620a   Section        0  llushr.o(.text)
    .text                                    0x0800622a   Section        0  llsshr.o(.text)
    .text                                    0x0800624e   Section        0  depilogue.o(.text)
    .text                                    0x08006308   Section        0  __dczerorl2.o(.text)
    i.__0printf                              0x08006360   Section        0  printfa.o(i.__0printf)
    i.__0snprintf                            0x08006380   Section        0  printfa.o(i.__0snprintf)
    i.__scatterload_copy                     0x080063b0   Section       14  handlers.o(i.__scatterload_copy)
    i.__scatterload_null                     0x080063be   Section        2  handlers.o(i.__scatterload_null)
    i.__scatterload_zeroinit                 0x080063c0   Section       14  handlers.o(i.__scatterload_zeroinit)
    i._fp_digits                             0x080063d0   Section        0  printfa.o(i._fp_digits)
    _fp_digits                               0x080063d1   Thumb Code   366  printfa.o(i._fp_digits)
    i._printf_core                           0x08006554   Section        0  printfa.o(i._printf_core)
    _printf_core                             0x08006555   Thumb Code  1744  printfa.o(i._printf_core)
    i._printf_post_padding                   0x08006c30   Section        0  printfa.o(i._printf_post_padding)
    _printf_post_padding                     0x08006c31   Thumb Code    36  printfa.o(i._printf_post_padding)
    i._printf_pre_padding                    0x08006c54   Section        0  printfa.o(i._printf_pre_padding)
    _printf_pre_padding                      0x08006c55   Thumb Code    46  printfa.o(i._printf_pre_padding)
    i._snputc                                0x08006c82   Section        0  printfa.o(i._snputc)
    _snputc                                  0x08006c83   Thumb Code    22  printfa.o(i._snputc)
    .constdata                               0x08006c98   Section       20  tm_stm32f4_dma.o(.constdata)
    DMA_Flags_Bit_Pos                        0x08006c98   Data           4  tm_stm32f4_dma.o(.constdata)
    DMA_IRQs                                 0x08006c9c   Data          16  tm_stm32f4_dma.o(.constdata)
    .constdata                               0x08006cac   Section    10260  tm_stm32f4_fonts.o(.constdata)
    .conststring                             0x080094c0   Section       46  main.o(.conststring)
    .data                                    0x20000000   Section       40  main.o(.data)
    g_current_mode                           0x20000000   Data           1  main.o(.data)
    g_pwm_val                                0x20000002   Data           2  main.o(.data)
    last_pwm_val                             0x20000004   Data           2  main.o(.data)
    g_dir                                    0x20000006   Data           1  main.o(.data)
    g_breath_period                          0x20000008   Data           4  main.o(.data)
    duty_change_count                        0x20000010   Data           1  main.o(.data)
    tick_count                               0x20000024   Data           4  main.o(.data)
    .data                                    0x20000028   Section       20  system_stm32f4xx.o(.data)
    .data                                    0x2000003c   Section        4  led.o(.data)
    s_iCnt                                   0x2000003c   Data           2  led.o(.data)
    a_iCnt                                   0x2000003e   Data           2  led.o(.data)
    .data                                    0x20000040   Section        4  timer.o(.data)
    s_i2msFlag                               0x20000040   Data           1  timer.o(.data)
    s_iCnt2                                  0x20000042   Data           2  timer.o(.data)
    .data                                    0x20000044   Section        1  key.o(.data)
    key_up                                   0x20000044   Data           1  key.o(.data)
    .data                                    0x20000048   Section       11  lsens.o(.data)
    last_output_time                         0x20000048   Data           4  lsens.o(.data)
    adc_accumulate                           0x2000004c   Data           4  lsens.o(.data)
    sampling_count                           0x20000050   Data           2  lsens.o(.data)
    last_result                              0x20000052   Data           1  lsens.o(.data)
    .data                                    0x20000054   Section       24  tm_stm32f4_fonts.o(.data)
    .data                                    0x2000006c   Section       11  tm_stm32f4_ili9341.o(.data)
    .data                                    0x20000078   Section      144  tm_stm32f4_spi_dma.o(.data)
    SPI1_DMA_INT                             0x20000078   Data          24  tm_stm32f4_spi_dma.o(.data)
    SPI2_DMA_INT                             0x20000090   Data          24  tm_stm32f4_spi_dma.o(.data)
    SPI3_DMA_INT                             0x200000a8   Data          24  tm_stm32f4_spi_dma.o(.data)
    SPI4_DMA_INT                             0x200000c0   Data          24  tm_stm32f4_spi_dma.o(.data)
    SPI5_DMA_INT                             0x200000d8   Data          24  tm_stm32f4_spi_dma.o(.data)
    SPI6_DMA_INT                             0x200000f0   Data          24  tm_stm32f4_spi_dma.o(.data)
    .data                                    0x20000108   Section        8  systick.o(.data)
    TM_Time                                  0x20000108   Data           4  systick.o(.data)
    tick                                     0x2000010c   Data           4  systick.o(.data)
    .data                                    0x20000110   Section        4  delay.o(.data)
    fac_us                                   0x20000110   Data           1  delay.o(.data)
    fac_ms                                   0x20000112   Data           2  delay.o(.data)
    .data                                    0x20000114   Section        6  usart.o(.data)
    .data                                    0x2000011a   Section       16  stm32f4xx_rcc.o(.data)
    APBAHBPrescTable                         0x2000011a   Data          16  stm32f4xx_rcc.o(.data)
    .bss                                     0x2000012c   Section      400  main.o(.bss)
    prev_wave_y                              0x2000012c   Data         400  main.o(.bss)
    .bss                                     0x200002bc   Section       22  tm_stm32f4_gpio.o(.bss)
    GPIO_UsedPins                            0x200002bc   Data          22  tm_stm32f4_gpio.o(.bss)
    .bss                                     0x200002d4   Section       60  tm_stm32f4_spi_dma.o(.bss)
    DMA_InitStruct                           0x200002d4   Data          60  tm_stm32f4_spi_dma.o(.bss)
    .bss                                     0x20000310   Section      200  usart.o(.bss)
    STACK                                    0x200003d8   Section     1024  startup_stm32f429_439xx.o(STACK)

    Global Symbols

    Symbol Name                              Value     Ov Type        Size  Object(Section)

    BuildAttributes$$THM_ISAv4$E$P$D$K$B$S$7EM$VFPi3$EXTD16$VFPS$VFMA$PE$A:L22UL41UL21$X:L11$S22US41US21$IEEE1$IW$USESV6$~STKCKD$USESV7$~SHL$OSPACE$ROPI$EBA8$MICROLIB$REQ8$PRES8$EABIv2 0x00000000   Number         0  anon$$obj.o ABSOLUTE
    __ARM_use_no_argv                        0x00000000   Number         0  main.o ABSOLUTE
    __use_no_errno                           0x00000000   Number         0  useno.o ABSOLUTE
    __use_no_exception_handling              0x00000000   Number         0  useno.o ABSOLUTE
    __use_no_fp                              0x00000000   Number         0  useno.o ABSOLUTE
    __use_no_heap                            0x00000000   Number         0  useno.o ABSOLUTE
    __use_no_heap_region                     0x00000000   Number         0  useno.o ABSOLUTE
    __use_no_semihosting                     0x00000000   Number         0  useno.o ABSOLUTE
    __use_no_semihosting_swi                 0x00000000   Number         0  useno.o ABSOLUTE
    __use_no_signal_handling                 0x00000000   Number         0  useno.o ABSOLUTE
    _printf_a                                0x00000000   Number         0  stubs.o ABSOLUTE
    _printf_c                                0x00000000   Number         0  stubs.o ABSOLUTE
    _printf_charcount                        0x00000000   Number         0  stubs.o ABSOLUTE
    _printf_d                                0x00000000   Number         0  stubs.o ABSOLUTE
    _printf_e                                0x00000000   Number         0  stubs.o ABSOLUTE
    _printf_f                                0x00000000   Number         0  stubs.o ABSOLUTE
    _printf_flags                            0x00000000   Number         0  stubs.o ABSOLUTE
    _printf_fp_dec                           0x00000000   Number         0  stubs.o ABSOLUTE
    _printf_fp_hex                           0x00000000   Number         0  stubs.o ABSOLUTE
    _printf_g                                0x00000000   Number         0  stubs.o ABSOLUTE
    _printf_i                                0x00000000   Number         0  stubs.o ABSOLUTE
    _printf_int_dec                          0x00000000   Number         0  stubs.o ABSOLUTE
    _printf_l                                0x00000000   Number         0  stubs.o ABSOLUTE
    _printf_lc                               0x00000000   Number         0  stubs.o ABSOLUTE
    _printf_ll                               0x00000000   Number         0  stubs.o ABSOLUTE
    _printf_lld                              0x00000000   Number         0  stubs.o ABSOLUTE
    _printf_lli                              0x00000000   Number         0  stubs.o ABSOLUTE
    _printf_llo                              0x00000000   Number         0  stubs.o ABSOLUTE
    _printf_llu                              0x00000000   Number         0  stubs.o ABSOLUTE
    _printf_llx                              0x00000000   Number         0  stubs.o ABSOLUTE
    _printf_longlong_dec                     0x00000000   Number         0  stubs.o ABSOLUTE
    _printf_longlong_hex                     0x00000000   Number         0  stubs.o ABSOLUTE
    _printf_longlong_oct                     0x00000000   Number         0  stubs.o ABSOLUTE
    _printf_ls                               0x00000000   Number         0  stubs.o ABSOLUTE
    _printf_mbtowc                           0x00000000   Number         0  stubs.o ABSOLUTE
    _printf_n                                0x00000000   Number         0  stubs.o ABSOLUTE
    _printf_o                                0x00000000   Number         0  stubs.o ABSOLUTE
    _printf_p                                0x00000000   Number         0  stubs.o ABSOLUTE
    _printf_percent                          0x00000000   Number         0  stubs.o ABSOLUTE
    _printf_pre_padding                      0x00000000   Number         0  stubs.o ABSOLUTE
    _printf_return_value                     0x00000000   Number         0  stubs.o ABSOLUTE
    _printf_s                                0x00000000   Number         0  stubs.o ABSOLUTE
    _printf_sizespec                         0x00000000   Number         0  stubs.o ABSOLUTE
    _printf_str                              0x00000000   Number         0  stubs.o ABSOLUTE
    _printf_truncate_signed                  0x00000000   Number         0  stubs.o ABSOLUTE
    _printf_truncate_unsigned                0x00000000   Number         0  stubs.o ABSOLUTE
    _printf_u                                0x00000000   Number         0  stubs.o ABSOLUTE
    _printf_wc                               0x00000000   Number         0  stubs.o ABSOLUTE
    _printf_wctomb                           0x00000000   Number         0  stubs.o ABSOLUTE
    _printf_widthprec                        0x00000000   Number         0  stubs.o ABSOLUTE
    _printf_x                                0x00000000   Number         0  stubs.o ABSOLUTE
    __cpp_initialize__aeabi_                  - Undefined Weak Reference
    __cxa_finalize                            - Undefined Weak Reference
    _clock_init                               - Undefined Weak Reference
    _microlib_exit                            - Undefined Weak Reference
    __Vectors_Size                           0x000001ac   Number         0  startup_stm32f429_439xx.o ABSOLUTE
    __Vectors                                0x08000000   Data           4  startup_stm32f429_439xx.o(RESET)
    __Vectors_End                            0x080001ac   Data           0  startup_stm32f429_439xx.o(RESET)
    __main                                   0x080001ad   Thumb Code     0  entry.o(.ARM.Collect$$$$00000000)
    _main_stk                                0x080001ad   Thumb Code     0  entry2.o(.ARM.Collect$$$$00000001)
    _main_scatterload                        0x080001b1   Thumb Code     0  entry5.o(.ARM.Collect$$$$00000004)
    __main_after_scatterload                 0x080001b5   Thumb Code     0  entry5.o(.ARM.Collect$$$$00000004)
    _main_clock                              0x080001b5   Thumb Code     0  entry7b.o(.ARM.Collect$$$$00000008)
    _main_cpp_init                           0x080001b5   Thumb Code     0  entry8b.o(.ARM.Collect$$$$0000000A)
    _main_init                               0x080001b5   Thumb Code     0  entry9a.o(.ARM.Collect$$$$0000000B)
    __rt_final_cpp                           0x080001bd   Thumb Code     0  entry10a.o(.ARM.Collect$$$$0000000D)
    __rt_final_exit                          0x080001bd   Thumb Code     0  entry11a.o(.ARM.Collect$$$$0000000F)
    Custom_DrawPixel                         0x080001c1   Thumb Code    20  main.o(.text)
    ErasePrevWave                            0x080001d5   Thumb Code   204  main.o(.text)
    InitHardware                             0x080002a1   Thumb Code   158  main.o(.text)
    main                                     0x080006af   Thumb Code    54  main.o(.text)
    NMI_Handler                              0x080006e9   Thumb Code     2  stm32f4xx_it.o(.text)
    HardFault_Handler                        0x080006eb   Thumb Code     4  stm32f4xx_it.o(.text)
    MemManage_Handler                        0x080006ef   Thumb Code     4  stm32f4xx_it.o(.text)
    BusFault_Handler                         0x080006f3   Thumb Code     4  stm32f4xx_it.o(.text)
    UsageFault_Handler                       0x080006f7   Thumb Code     4  stm32f4xx_it.o(.text)
    SVC_Handler                              0x080006fb   Thumb Code     2  stm32f4xx_it.o(.text)
    DebugMon_Handler                         0x080006fd   Thumb Code     2  stm32f4xx_it.o(.text)
    PendSV_Handler                           0x080006ff   Thumb Code     2  stm32f4xx_it.o(.text)
    SystemInit                               0x08000811   Thumb Code    88  system_stm32f4xx.o(.text)
    SystemCoreClockUpdate                    0x08000869   Thumb Code   174  system_stm32f4xx.o(.text)
    DMA_DeInit                               0x08000945   Thumb Code   324  stm32f4xx_dma.o(.text)
    DMA_Init                                 0x08000a89   Thumb Code    82  stm32f4xx_dma.o(.text)
    DMA_StructInit                           0x08000adb   Thumb Code    34  stm32f4xx_dma.o(.text)
    DMA_Cmd                                  0x08000afd   Thumb Code    22  stm32f4xx_dma.o(.text)
    DMA_PeriphIncOffsetSizeConfig            0x08000b13   Thumb Code    22  stm32f4xx_dma.o(.text)
    DMA_FlowControllerConfig                 0x08000b29   Thumb Code    22  stm32f4xx_dma.o(.text)
    DMA_SetCurrDataCounter                   0x08000b3f   Thumb Code     4  stm32f4xx_dma.o(.text)
    DMA_GetCurrDataCounter                   0x08000b43   Thumb Code     8  stm32f4xx_dma.o(.text)
    DMA_DoubleBufferModeConfig               0x08000b4b   Thumb Code    24  stm32f4xx_dma.o(.text)
    DMA_DoubleBufferModeCmd                  0x08000b63   Thumb Code    22  stm32f4xx_dma.o(.text)
    DMA_MemoryTargetConfig                   0x08000b79   Thumb Code    10  stm32f4xx_dma.o(.text)
    DMA_GetCurrentMemoryTarget               0x08000b83   Thumb Code    20  stm32f4xx_dma.o(.text)
    DMA_GetCmdStatus                         0x08000b97   Thumb Code    20  stm32f4xx_dma.o(.text)
    DMA_GetFIFOStatus                        0x08000bab   Thumb Code    12  stm32f4xx_dma.o(.text)
    DMA_GetFlagStatus                        0x08000bb7   Thumb Code    56  stm32f4xx_dma.o(.text)
    DMA_ClearFlag                            0x08000bef   Thumb Code    40  stm32f4xx_dma.o(.text)
    DMA_ITConfig                             0x08000c17   Thumb Code    58  stm32f4xx_dma.o(.text)
    DMA_GetITStatus                          0x08000c51   Thumb Code    84  stm32f4xx_dma.o(.text)
    DMA_ClearITPendingBit                    0x08000ca5   Thumb Code    40  stm32f4xx_dma.o(.text)
    SPI_I2S_DeInit                           0x08000ced   Thumb Code   152  stm32f4xx_spi.o(.text)
    SPI_Init                                 0x08000d85   Thumb Code    60  stm32f4xx_spi.o(.text)
    I2S_Init                                 0x08000dc1   Thumb Code   350  stm32f4xx_spi.o(.text)
    SPI_StructInit                           0x08000f1f   Thumb Code    24  stm32f4xx_spi.o(.text)
    I2S_StructInit                           0x08000f37   Thumb Code    20  stm32f4xx_spi.o(.text)
    SPI_Cmd                                  0x08000f4b   Thumb Code    24  stm32f4xx_spi.o(.text)
    I2S_Cmd                                  0x08000f63   Thumb Code    24  stm32f4xx_spi.o(.text)
    SPI_DataSizeConfig                       0x08000f7b   Thumb Code    18  stm32f4xx_spi.o(.text)
    SPI_BiDirectionalLineConfig              0x08000f8d   Thumb Code    28  stm32f4xx_spi.o(.text)
    SPI_NSSInternalSoftwareConfig            0x08000fa9   Thumb Code    30  stm32f4xx_spi.o(.text)
    SPI_SSOutputCmd                          0x08000fc7   Thumb Code    24  stm32f4xx_spi.o(.text)
    SPI_TIModeCmd                            0x08000fdf   Thumb Code    24  stm32f4xx_spi.o(.text)
    I2S_FullDuplexConfig                     0x08000ff7   Thumb Code    80  stm32f4xx_spi.o(.text)
    SPI_I2S_ReceiveData                      0x08001047   Thumb Code     6  stm32f4xx_spi.o(.text)
    SPI_I2S_SendData                         0x0800104d   Thumb Code     4  stm32f4xx_spi.o(.text)
    SPI_CalculateCRC                         0x08001051   Thumb Code    24  stm32f4xx_spi.o(.text)
    SPI_TransmitCRC                          0x08001069   Thumb Code    10  stm32f4xx_spi.o(.text)
    SPI_GetCRC                               0x08001073   Thumb Code    16  stm32f4xx_spi.o(.text)
    SPI_GetCRCPolynomial                     0x08001083   Thumb Code     6  stm32f4xx_spi.o(.text)
    SPI_I2S_DMACmd                           0x08001089   Thumb Code    18  stm32f4xx_spi.o(.text)
    SPI_I2S_ITConfig                         0x0800109b   Thumb Code    32  stm32f4xx_spi.o(.text)
    SPI_I2S_GetFlagStatus                    0x080010bb   Thumb Code    50  stm32f4xx_spi.o(.text)
    SPI_I2S_ClearFlag                        0x080010ed   Thumb Code     6  stm32f4xx_spi.o(.text)
    SPI_I2S_GetITStatus                      0x080010f3   Thumb Code    52  stm32f4xx_spi.o(.text)
    SPI_I2S_ClearITPendingBit                0x08001127   Thumb Code    20  stm32f4xx_spi.o(.text)
    LED_Init                                 0x0800113d   Thumb Code    60  led.o(.text)
    LEDFlicker                               0x08001179   Thumb Code   114  led.o(.text)
    TIM2_IRQHandler                          0x0800125f   Thumb Code    50  timer.o(.text)
    InitTimer                                0x08001291   Thumb Code    14  timer.o(.text)
    Get2msFlag                               0x0800129f   Thumb Code     6  timer.o(.text)
    Clr2msFlag                               0x080012a5   Thumb Code     8  timer.o(.text)
    PWM_DisableAll                           0x080012b5   Thumb Code    30  pwm.o(.text)
    PWM_Init                                 0x080012d3   Thumb Code   262  pwm.o(.text)
    PWM_SetDutyCycle_TIM2                    0x080013d9   Thumb Code    26  pwm.o(.text)
    PWM_SetDutyCycle_TIM3                    0x080013f3   Thumb Code    24  pwm.o(.text)
    PWM_SetDutyCycle_TIM4                    0x0800140b   Thumb Code    24  pwm.o(.text)
    InitRCC                                  0x080014ff   Thumb Code     8  rcc.o(.text)
    KEY_Init                                 0x08001509   Thumb Code    36  key.o(.text)
    KEY_Scan                                 0x0800152d   Thumb Code   182  key.o(.text)
    Lsens_Init                               0x080015ed   Thumb Code    40  lsens.o(.text)
    Lsens_Get_Val                            0x08001615   Thumb Code   180  lsens.o(.text)
    Adc3_Init                                0x08001709   Thumb Code   110  adc3.o(.text)
    Get_Adc3                                 0x08001777   Thumb Code    44  adc3.o(.text)
    TM_DMA_ClearFlag                         0x080017a9   Thumb Code    64  tm_stm32f4_dma.o(.text)
    TM_DMA_ClearFlags                        0x080017e9   Thumb Code    14  tm_stm32f4_dma.o(.text)
    TM_DMA_GetFlags                          0x080017f7   Thumb Code    72  tm_stm32f4_dma.o(.text)
    TM_DMA_EnableInterrupts                  0x0800183f   Thumb Code   108  tm_stm32f4_dma.o(.text)
    TM_DMA_DisableInterrupts                 0x080018ab   Thumb Code    88  tm_stm32f4_dma.o(.text)
    TM_DMA_TransferCompleteHandler           0x08001903   Thumb Code     2  tm_stm32f4_dma.o(.text)
    TM_DMA_HalfTransferCompleteHandler       0x08001905   Thumb Code     2  tm_stm32f4_dma.o(.text)
    TM_DMA_TransferErrorHandler              0x08001907   Thumb Code     2  tm_stm32f4_dma.o(.text)
    TM_DMA_DirectModeErrorHandler            0x08001909   Thumb Code     2  tm_stm32f4_dma.o(.text)
    TM_DMA_FIFOErrorHandler                  0x0800190b   Thumb Code     2  tm_stm32f4_dma.o(.text)
    DMA1_Stream0_IRQHandler                  0x08001989   Thumb Code    12  tm_stm32f4_dma.o(.text)
    DMA1_Stream1_IRQHandler                  0x08001995   Thumb Code    12  tm_stm32f4_dma.o(.text)
    DMA1_Stream2_IRQHandler                  0x080019a1   Thumb Code    12  tm_stm32f4_dma.o(.text)
    DMA1_Stream3_IRQHandler                  0x080019ad   Thumb Code    12  tm_stm32f4_dma.o(.text)
    DMA1_Stream4_IRQHandler                  0x080019b9   Thumb Code    12  tm_stm32f4_dma.o(.text)
    DMA1_Stream5_IRQHandler                  0x080019c5   Thumb Code    12  tm_stm32f4_dma.o(.text)
    DMA1_Stream6_IRQHandler                  0x080019d1   Thumb Code    12  tm_stm32f4_dma.o(.text)
    DMA1_Stream7_IRQHandler                  0x080019dd   Thumb Code    12  tm_stm32f4_dma.o(.text)
    DMA2_Stream0_IRQHandler                  0x080019e9   Thumb Code    10  tm_stm32f4_dma.o(.text)
    DMA2_Stream1_IRQHandler                  0x080019f3   Thumb Code    12  tm_stm32f4_dma.o(.text)
    DMA2_Stream2_IRQHandler                  0x080019ff   Thumb Code    12  tm_stm32f4_dma.o(.text)
    DMA2_Stream3_IRQHandler                  0x08001a0b   Thumb Code    12  tm_stm32f4_dma.o(.text)
    DMA2_Stream4_IRQHandler                  0x08001a17   Thumb Code    12  tm_stm32f4_dma.o(.text)
    DMA2_Stream5_IRQHandler                  0x08001a23   Thumb Code    12  tm_stm32f4_dma.o(.text)
    DMA2_Stream6_IRQHandler                  0x08001a2f   Thumb Code    12  tm_stm32f4_dma.o(.text)
    DMA2_Stream7_IRQHandler                  0x08001a3b   Thumb Code    12  tm_stm32f4_dma.o(.text)
    TM_GPIO_GetPortSource                    0x08001a5d   Thumb Code    14  tm_stm32f4_gpio.o(.text)
    TM_GPIO_INT_Init                         0x08001a6b   Thumb Code   170  tm_stm32f4_gpio.o(.text)
    TM_GPIO_INT_EnableClock                  0x08001b15   Thumb Code    28  tm_stm32f4_gpio.o(.text)
    TM_GPIO_Init                             0x08001b31   Thumb Code    48  tm_stm32f4_gpio.o(.text)
    TM_GPIO_InitAlternate                    0x08001b61   Thumb Code   110  tm_stm32f4_gpio.o(.text)
    TM_GPIO_DeInit                           0x08001bcf   Thumb Code    66  tm_stm32f4_gpio.o(.text)
    TM_GPIO_SetPinAsInput                    0x08001c11   Thumb Code    38  tm_stm32f4_gpio.o(.text)
    TM_GPIO_SetPinAsOutput                   0x08001c37   Thumb Code    46  tm_stm32f4_gpio.o(.text)
    TM_GPIO_SetPinAsAnalog                   0x08001c65   Thumb Code    38  tm_stm32f4_gpio.o(.text)
    TM_GPIO_SetPinAsAlternate                0x08001c8b   Thumb Code    50  tm_stm32f4_gpio.o(.text)
    TM_GPIO_SetPullResistor                  0x08001cbd   Thumb Code    50  tm_stm32f4_gpio.o(.text)
    TM_GPIO_Lock                             0x08001cef   Thumb Code    16  tm_stm32f4_gpio.o(.text)
    TM_GPIO_GetPinSource                     0x08001cff   Thumb Code    18  tm_stm32f4_gpio.o(.text)
    TM_GPIO_INT_DisableClock                 0x08001d11   Thumb Code    26  tm_stm32f4_gpio.o(.text)
    TM_GPIO_GetUsedPins                      0x08001d2b   Thumb Code    18  tm_stm32f4_gpio.o(.text)
    TM_GPIO_GetFreePins                      0x08001d3d   Thumb Code    22  tm_stm32f4_gpio.o(.text)
    TM_ILI9341_SendCommand                   0x08001d9f   Thumb Code    40  tm_stm32f4_ili9341.o(.text)
    TM_ILI9341_SendData                      0x08001dc7   Thumb Code    40  tm_stm32f4_ili9341.o(.text)
    TM_ILI9341_SetCursorPosition             0x08001def   Thumb Code    76  tm_stm32f4_ili9341.o(.text)
    TM_ILI9341_INT_Fill                      0x08001e3b   Thumb Code   160  tm_stm32f4_ili9341.o(.text)
    TM_ILI9341_Fill                          0x08001edb   Thumb Code    28  tm_stm32f4_ili9341.o(.text)
    TM_ILI9341_Delay                         0x08001ef7   Thumb Code    18  tm_stm32f4_ili9341.o(.text)
    TM_ILI9341_InitLCD                       0x08001f09   Thumb Code   618  tm_stm32f4_ili9341.o(.text)
    TM_ILI9341_Init                          0x08002173   Thumb Code   146  tm_stm32f4_ili9341.o(.text)
    TM_ILI9341_DisplayOn                     0x08002205   Thumb Code    10  tm_stm32f4_ili9341.o(.text)
    TM_ILI9341_DisplayOff                    0x0800220f   Thumb Code    10  tm_stm32f4_ili9341.o(.text)
    TM_ILI9341_DrawPixel                     0x08002219   Thumb Code    42  tm_stm32f4_ili9341.o(.text)
    TM_ILI9341_Rotate                        0x08002243   Thumb Code    96  tm_stm32f4_ili9341.o(.text)
    TM_ILI9341_Putc                          0x080022a3   Thumb Code   186  tm_stm32f4_ili9341.o(.text)
    TM_ILI9341_Puts                          0x0800235d   Thumb Code   118  tm_stm32f4_ili9341.o(.text)
    TM_ILI9341_GetStringSize                 0x080023d3   Thumb Code    28  tm_stm32f4_ili9341.o(.text)
    TM_ILI9341_DrawLine                      0x080023ef   Thumb Code   268  tm_stm32f4_ili9341.o(.text)
    TM_ILI9341_DrawRectangle                 0x080024fb   Thumb Code    74  tm_stm32f4_ili9341.o(.text)
    TM_ILI9341_DrawFilledRectangle           0x08002545   Thumb Code    66  tm_stm32f4_ili9341.o(.text)
    TM_ILI9341_DrawCircle                    0x08002587   Thumb Code   288  tm_stm32f4_ili9341.o(.text)
    TM_ILI9341_DrawFilledCircle              0x080026a7   Thumb Code   334  tm_stm32f4_ili9341.o(.text)
    TM_SPI_InitCustomPinsCallback            0x080027f5   Thumb Code     2  tm_stm32f4_spi.o(.text)
    TM_SPI6_INT_InitPins                     0x080027f7   Thumb Code    42  tm_stm32f4_spi.o(.text)
    TM_SPI5_INT_InitPins                     0x08002821   Thumb Code    86  tm_stm32f4_spi.o(.text)
    TM_SPI4_INT_InitPins                     0x08002877   Thumb Code    66  tm_stm32f4_spi.o(.text)
    TM_SPI3_INT_InitPins                     0x080028b9   Thumb Code    66  tm_stm32f4_spi.o(.text)
    TM_SPI2_INT_InitPins                     0x080028fb   Thumb Code   112  tm_stm32f4_spi.o(.text)
    TM_SPI1_INT_InitPins                     0x0800296b   Thumb Code    64  tm_stm32f4_spi.o(.text)
    TM_SPI_Init                              0x08002af9   Thumb Code   176  tm_stm32f4_spi.o(.text)
    TM_SPI_InitWithMode                      0x08002ba9   Thumb Code   240  tm_stm32f4_spi.o(.text)
    TM_SPI_InitFull                          0x08002c99   Thumb Code   140  tm_stm32f4_spi.o(.text)
    TM_SPI_GetPrescalerFromMaxFrequency      0x08002d25   Thumb Code    88  tm_stm32f4_spi.o(.text)
    TM_SPI_SetDataSize                       0x08002d7d   Thumb Code    48  tm_stm32f4_spi.o(.text)
    TM_SPI_SendMulti                         0x08002dad   Thumb Code    80  tm_stm32f4_spi.o(.text)
    TM_SPI_WriteMulti                        0x08002dfd   Thumb Code    78  tm_stm32f4_spi.o(.text)
    TM_SPI_ReadMulti                         0x08002e4b   Thumb Code    78  tm_stm32f4_spi.o(.text)
    TM_SPI_SendMulti16                       0x08002e99   Thumb Code    84  tm_stm32f4_spi.o(.text)
    TM_SPI_WriteMulti16                      0x08002eed   Thumb Code    80  tm_stm32f4_spi.o(.text)
    TM_SPI_ReadMulti16                       0x08002f3d   Thumb Code    80  tm_stm32f4_spi.o(.text)
    TM_SPI_DMA_Init                          0x08002fd9   Thumb Code   104  tm_stm32f4_spi_dma.o(.text)
    TM_SPI_DMA_InitWithStreamAndChannel      0x08003041   Thumb Code    44  tm_stm32f4_spi_dma.o(.text)
    TM_SPI_DMA_Deinit                        0x0800306d   Thumb Code    26  tm_stm32f4_spi_dma.o(.text)
    TM_SPI_DMA_Transmit                      0x08003087   Thumb Code   202  tm_stm32f4_spi_dma.o(.text)
    TM_SPI_DMA_SendByte                      0x08003151   Thumb Code   102  tm_stm32f4_spi_dma.o(.text)
    TM_SPI_DMA_SendHalfWord                  0x080031b7   Thumb Code   110  tm_stm32f4_spi_dma.o(.text)
    TM_SPI_DMA_Working                       0x08003225   Thumb Code    48  tm_stm32f4_spi_dma.o(.text)
    TM_SPI_DMA_GetStreamTX                   0x08003255   Thumb Code    14  tm_stm32f4_spi_dma.o(.text)
    TM_SPI_DMA_GetStreamRX                   0x08003263   Thumb Code    14  tm_stm32f4_spi_dma.o(.text)
    TM_SPI_DMA_EnableInterrupts              0x08003271   Thumb Code    26  tm_stm32f4_spi_dma.o(.text)
    TM_SPI_DMA_DisableInterrupts             0x0800328b   Thumb Code    26  tm_stm32f4_spi_dma.o(.text)
    InitSysTick                              0x08003333   Thumb Code    38  systick.o(.text)
    SysTick_GetTime                          0x08003359   Thumb Code     6  systick.o(.text)
    SysTick_Handler                          0x0800335f   Thumb Code    34  systick.o(.text)
    DelayNms                                 0x08003381   Thumb Code    24  systick.o(.text)
    SysTick_Init                             0x08003399   Thumb Code    28  systick.o(.text)
    delay_init                               0x080033c9   Thumb Code    52  delay.o(.text)
    delay_us                                 0x080033fd   Thumb Code    72  delay.o(.text)
    delay_xms                                0x08003445   Thumb Code    72  delay.o(.text)
    delay_ms                                 0x0800348d   Thumb Code    56  delay.o(.text)
    _sys_exit                                0x080034cd   Thumb Code     4  usart.o(.text)
    fputc                                    0x080034d1   Thumb Code    32  usart.o(.text)
    uart_init                                0x080034f1   Thumb Code   188  usart.o(.text)
    USART1_IRQHandler                        0x080035ad   Thumb Code   122  usart.o(.text)
    Reset_Handler                            0x08003639   Thumb Code     8  startup_stm32f429_439xx.o(.text)
    ADC_IRQHandler                           0x08003653   Thumb Code     0  startup_stm32f429_439xx.o(.text)
    CAN1_RX0_IRQHandler                      0x08003653   Thumb Code     0  startup_stm32f429_439xx.o(.text)
    CAN1_RX1_IRQHandler                      0x08003653   Thumb Code     0  startup_stm32f429_439xx.o(.text)
    CAN1_SCE_IRQHandler                      0x08003653   Thumb Code     0  startup_stm32f429_439xx.o(.text)
    CAN1_TX_IRQHandler                       0x08003653   Thumb Code     0  startup_stm32f429_439xx.o(.text)
    CAN2_RX0_IRQHandler                      0x08003653   Thumb Code     0  startup_stm32f429_439xx.o(.text)
    CAN2_RX1_IRQHandler                      0x08003653   Thumb Code     0  startup_stm32f429_439xx.o(.text)
    CAN2_SCE_IRQHandler                      0x08003653   Thumb Code     0  startup_stm32f429_439xx.o(.text)
    CAN2_TX_IRQHandler                       0x08003653   Thumb Code     0  startup_stm32f429_439xx.o(.text)
    CRYP_IRQHandler                          0x08003653   Thumb Code     0  startup_stm32f429_439xx.o(.text)
    DCMI_IRQHandler                          0x08003653   Thumb Code     0  startup_stm32f429_439xx.o(.text)
    DMA2D_IRQHandler                         0x08003653   Thumb Code     0  startup_stm32f429_439xx.o(.text)
    ETH_IRQHandler                           0x08003653   Thumb Code     0  startup_stm32f429_439xx.o(.text)
    ETH_WKUP_IRQHandler                      0x08003653   Thumb Code     0  startup_stm32f429_439xx.o(.text)
    EXTI0_IRQHandler                         0x08003653   Thumb Code     0  startup_stm32f429_439xx.o(.text)
    EXTI15_10_IRQHandler                     0x08003653   Thumb Code     0  startup_stm32f429_439xx.o(.text)
    EXTI1_IRQHandler                         0x08003653   Thumb Code     0  startup_stm32f429_439xx.o(.text)
    EXTI2_IRQHandler                         0x08003653   Thumb Code     0  startup_stm32f429_439xx.o(.text)
    EXTI3_IRQHandler                         0x08003653   Thumb Code     0  startup_stm32f429_439xx.o(.text)
    EXTI4_IRQHandler                         0x08003653   Thumb Code     0  startup_stm32f429_439xx.o(.text)
    EXTI9_5_IRQHandler                       0x08003653   Thumb Code     0  startup_stm32f429_439xx.o(.text)
    FLASH_IRQHandler                         0x08003653   Thumb Code     0  startup_stm32f429_439xx.o(.text)
    FMC_IRQHandler                           0x08003653   Thumb Code     0  startup_stm32f429_439xx.o(.text)
    FPU_IRQHandler                           0x08003653   Thumb Code     0  startup_stm32f429_439xx.o(.text)
    HASH_RNG_IRQHandler                      0x08003653   Thumb Code     0  startup_stm32f429_439xx.o(.text)
    I2C1_ER_IRQHandler                       0x08003653   Thumb Code     0  startup_stm32f429_439xx.o(.text)
    I2C1_EV_IRQHandler                       0x08003653   Thumb Code     0  startup_stm32f429_439xx.o(.text)
    I2C2_ER_IRQHandler                       0x08003653   Thumb Code     0  startup_stm32f429_439xx.o(.text)
    I2C2_EV_IRQHandler                       0x08003653   Thumb Code     0  startup_stm32f429_439xx.o(.text)
    I2C3_ER_IRQHandler                       0x08003653   Thumb Code     0  startup_stm32f429_439xx.o(.text)
    I2C3_EV_IRQHandler                       0x08003653   Thumb Code     0  startup_stm32f429_439xx.o(.text)
    LTDC_ER_IRQHandler                       0x08003653   Thumb Code     0  startup_stm32f429_439xx.o(.text)
    LTDC_IRQHandler                          0x08003653   Thumb Code     0  startup_stm32f429_439xx.o(.text)
    OTG_FS_IRQHandler                        0x08003653   Thumb Code     0  startup_stm32f429_439xx.o(.text)
    OTG_FS_WKUP_IRQHandler                   0x08003653   Thumb Code     0  startup_stm32f429_439xx.o(.text)
    OTG_HS_EP1_IN_IRQHandler                 0x08003653   Thumb Code     0  startup_stm32f429_439xx.o(.text)
    OTG_HS_EP1_OUT_IRQHandler                0x08003653   Thumb Code     0  startup_stm32f429_439xx.o(.text)
    OTG_HS_IRQHandler                        0x08003653   Thumb Code     0  startup_stm32f429_439xx.o(.text)
    OTG_HS_WKUP_IRQHandler                   0x08003653   Thumb Code     0  startup_stm32f429_439xx.o(.text)
    PVD_IRQHandler                           0x08003653   Thumb Code     0  startup_stm32f429_439xx.o(.text)
    RCC_IRQHandler                           0x08003653   Thumb Code     0  startup_stm32f429_439xx.o(.text)
    RTC_Alarm_IRQHandler                     0x08003653   Thumb Code     0  startup_stm32f429_439xx.o(.text)
    RTC_WKUP_IRQHandler                      0x08003653   Thumb Code     0  startup_stm32f429_439xx.o(.text)
    SAI1_IRQHandler                          0x08003653   Thumb Code     0  startup_stm32f429_439xx.o(.text)
    SDIO_IRQHandler                          0x08003653   Thumb Code     0  startup_stm32f429_439xx.o(.text)
    SPI1_IRQHandler                          0x08003653   Thumb Code     0  startup_stm32f429_439xx.o(.text)
    SPI2_IRQHandler                          0x08003653   Thumb Code     0  startup_stm32f429_439xx.o(.text)
    SPI3_IRQHandler                          0x08003653   Thumb Code     0  startup_stm32f429_439xx.o(.text)
    SPI4_IRQHandler                          0x08003653   Thumb Code     0  startup_stm32f429_439xx.o(.text)
    SPI5_IRQHandler                          0x08003653   Thumb Code     0  startup_stm32f429_439xx.o(.text)
    SPI6_IRQHandler                          0x08003653   Thumb Code     0  startup_stm32f429_439xx.o(.text)
    TAMP_STAMP_IRQHandler                    0x08003653   Thumb Code     0  startup_stm32f429_439xx.o(.text)
    TIM1_BRK_TIM9_IRQHandler                 0x08003653   Thumb Code     0  startup_stm32f429_439xx.o(.text)
    TIM1_CC_IRQHandler                       0x08003653   Thumb Code     0  startup_stm32f429_439xx.o(.text)
    TIM1_TRG_COM_TIM11_IRQHandler            0x08003653   Thumb Code     0  startup_stm32f429_439xx.o(.text)
    TIM1_UP_TIM10_IRQHandler                 0x08003653   Thumb Code     0  startup_stm32f429_439xx.o(.text)
    TIM3_IRQHandler                          0x08003653   Thumb Code     0  startup_stm32f429_439xx.o(.text)
    TIM4_IRQHandler                          0x08003653   Thumb Code     0  startup_stm32f429_439xx.o(.text)
    TIM5_IRQHandler                          0x08003653   Thumb Code     0  startup_stm32f429_439xx.o(.text)
    TIM6_DAC_IRQHandler                      0x08003653   Thumb Code     0  startup_stm32f429_439xx.o(.text)
    TIM7_IRQHandler                          0x08003653   Thumb Code     0  startup_stm32f429_439xx.o(.text)
    TIM8_BRK_TIM12_IRQHandler                0x08003653   Thumb Code     0  startup_stm32f429_439xx.o(.text)
    TIM8_CC_IRQHandler                       0x08003653   Thumb Code     0  startup_stm32f429_439xx.o(.text)
    TIM8_TRG_COM_TIM14_IRQHandler            0x08003653   Thumb Code     0  startup_stm32f429_439xx.o(.text)
    TIM8_UP_TIM13_IRQHandler                 0x08003653   Thumb Code     0  startup_stm32f429_439xx.o(.text)
    UART4_IRQHandler                         0x08003653   Thumb Code     0  startup_stm32f429_439xx.o(.text)
    UART5_IRQHandler                         0x08003653   Thumb Code     0  startup_stm32f429_439xx.o(.text)
    UART7_IRQHandler                         0x08003653   Thumb Code     0  startup_stm32f429_439xx.o(.text)
    UART8_IRQHandler                         0x08003653   Thumb Code     0  startup_stm32f429_439xx.o(.text)
    USART2_IRQHandler                        0x08003653   Thumb Code     0  startup_stm32f429_439xx.o(.text)
    USART3_IRQHandler                        0x08003653   Thumb Code     0  startup_stm32f429_439xx.o(.text)
    USART6_IRQHandler                        0x08003653   Thumb Code     0  startup_stm32f429_439xx.o(.text)
    WWDG_IRQHandler                          0x08003653   Thumb Code     0  startup_stm32f429_439xx.o(.text)
    NVIC_PriorityGroupConfig                 0x0800365d   Thumb Code    10  misc.o(.text)
    NVIC_Init                                0x08003667   Thumb Code   106  misc.o(.text)
    NVIC_SetVectorTable                      0x080036d1   Thumb Code    14  misc.o(.text)
    NVIC_SystemLPConfig                      0x080036df   Thumb Code    34  misc.o(.text)
    SysTick_CLKSourceConfig                  0x08003701   Thumb Code    40  misc.o(.text)
    GPIO_DeInit                              0x0800373d   Thumb Code   268  stm32f4xx_gpio.o(.text)
    GPIO_Init                                0x08003849   Thumb Code   144  stm32f4xx_gpio.o(.text)
    GPIO_StructInit                          0x080038d9   Thumb Code    18  stm32f4xx_gpio.o(.text)
    GPIO_PinLockConfig                       0x080038eb   Thumb Code    34  stm32f4xx_gpio.o(.text)
    GPIO_ReadInputDataBit                    0x0800390d   Thumb Code    18  stm32f4xx_gpio.o(.text)
    GPIO_ReadInputData                       0x0800391f   Thumb Code     8  stm32f4xx_gpio.o(.text)
    GPIO_ReadOutputDataBit                   0x08003927   Thumb Code    18  stm32f4xx_gpio.o(.text)
    GPIO_ReadOutputData                      0x08003939   Thumb Code     8  stm32f4xx_gpio.o(.text)
    GPIO_SetBits                             0x08003941   Thumb Code     4  stm32f4xx_gpio.o(.text)
    GPIO_ResetBits                           0x08003945   Thumb Code     4  stm32f4xx_gpio.o(.text)
    GPIO_WriteBit                            0x08003949   Thumb Code    10  stm32f4xx_gpio.o(.text)
    GPIO_Write                               0x08003953   Thumb Code     4  stm32f4xx_gpio.o(.text)
    GPIO_ToggleBits                          0x08003957   Thumb Code     8  stm32f4xx_gpio.o(.text)
    GPIO_PinAFConfig                         0x0800395f   Thumb Code    70  stm32f4xx_gpio.o(.text)
    RCC_DeInit                               0x080039d1   Thumb Code    82  stm32f4xx_rcc.o(.text)
    RCC_HSEConfig                            0x08003a23   Thumb Code    14  stm32f4xx_rcc.o(.text)
    RCC_GetFlagStatus                        0x08003a31   Thumb Code    60  stm32f4xx_rcc.o(.text)
    RCC_WaitForHSEStartUp                    0x08003a6d   Thumb Code    56  stm32f4xx_rcc.o(.text)
    RCC_AdjustHSICalibrationValue            0x08003aa5   Thumb Code    20  stm32f4xx_rcc.o(.text)
    RCC_HSICmd                               0x08003ab9   Thumb Code     6  stm32f4xx_rcc.o(.text)
    RCC_LSEConfig                            0x08003abf   Thumb Code    46  stm32f4xx_rcc.o(.text)
    RCC_LSICmd                               0x08003aed   Thumb Code     6  stm32f4xx_rcc.o(.text)
    RCC_PLLConfig                            0x08003af3   Thumb Code    32  stm32f4xx_rcc.o(.text)
    RCC_PLLCmd                               0x08003b13   Thumb Code     6  stm32f4xx_rcc.o(.text)
    RCC_PLLI2SConfig                         0x08003b19   Thumb Code    20  stm32f4xx_rcc.o(.text)
    RCC_PLLI2SCmd                            0x08003b2d   Thumb Code     6  stm32f4xx_rcc.o(.text)
    RCC_PLLSAIConfig                         0x08003b33   Thumb Code    20  stm32f4xx_rcc.o(.text)
    RCC_PLLSAICmd                            0x08003b47   Thumb Code     6  stm32f4xx_rcc.o(.text)
    RCC_ClockSecuritySystemCmd               0x08003b4d   Thumb Code     6  stm32f4xx_rcc.o(.text)
    RCC_MCO1Config                           0x08003b53   Thumb Code    28  stm32f4xx_rcc.o(.text)
    RCC_MCO2Config                           0x08003b6f   Thumb Code    28  stm32f4xx_rcc.o(.text)
    RCC_SYSCLKConfig                         0x08003b8b   Thumb Code    20  stm32f4xx_rcc.o(.text)
    RCC_GetSYSCLKSource                      0x08003b9f   Thumb Code    12  stm32f4xx_rcc.o(.text)
    RCC_HCLKConfig                           0x08003bab   Thumb Code    20  stm32f4xx_rcc.o(.text)
    RCC_PCLK1Config                          0x08003bbf   Thumb Code    20  stm32f4xx_rcc.o(.text)
    RCC_PCLK2Config                          0x08003bd3   Thumb Code    22  stm32f4xx_rcc.o(.text)
    RCC_GetClocksFreq                        0x08003be9   Thumb Code   222  stm32f4xx_rcc.o(.text)
    RCC_RTCCLKConfig                         0x08003cc7   Thumb Code    54  stm32f4xx_rcc.o(.text)
    RCC_RTCCLKCmd                            0x08003cfd   Thumb Code     8  stm32f4xx_rcc.o(.text)
    RCC_BackupResetCmd                       0x08003d05   Thumb Code     8  stm32f4xx_rcc.o(.text)
    RCC_I2SCLKConfig                         0x08003d0d   Thumb Code     6  stm32f4xx_rcc.o(.text)
    RCC_SAIPLLI2SClkDivConfig                0x08003d13   Thumb Code    26  stm32f4xx_rcc.o(.text)
    RCC_SAIPLLSAIClkDivConfig                0x08003d2d   Thumb Code    28  stm32f4xx_rcc.o(.text)
    RCC_SAIBlockACLKConfig                   0x08003d49   Thumb Code    20  stm32f4xx_rcc.o(.text)
    RCC_SAIBlockBCLKConfig                   0x08003d5d   Thumb Code    20  stm32f4xx_rcc.o(.text)
    RCC_LTDCCLKDivConfig                     0x08003d71   Thumb Code    20  stm32f4xx_rcc.o(.text)
    RCC_TIMCLKPresConfig                     0x08003d85   Thumb Code     6  stm32f4xx_rcc.o(.text)
    RCC_AHB1PeriphClockCmd                   0x08003d8b   Thumb Code    82  stm32f4xx_rcc.o(.text)
    RCC_AHB2PeriphClockCmd                   0x08003ddd   Thumb Code    26  stm32f4xx_rcc.o(.text)
    RCC_AHB3PeriphClockCmd                   0x08003df7   Thumb Code    34  stm32f4xx_rcc.o(.text)
    RCC_APB1PeriphClockCmd                   0x08003e19   Thumb Code    34  stm32f4xx_rcc.o(.text)
    RCC_APB2PeriphClockCmd                   0x08003e3b   Thumb Code    34  stm32f4xx_rcc.o(.text)
    RCC_AHB1PeriphResetCmd                   0x08003e5d   Thumb Code    34  stm32f4xx_rcc.o(.text)
    RCC_AHB2PeriphResetCmd                   0x08003e7f   Thumb Code    34  stm32f4xx_rcc.o(.text)
    RCC_AHB3PeriphResetCmd                   0x08003ea1   Thumb Code    34  stm32f4xx_rcc.o(.text)
    RCC_APB1PeriphResetCmd                   0x08003ec3   Thumb Code    34  stm32f4xx_rcc.o(.text)
    RCC_APB2PeriphResetCmd                   0x08003ee5   Thumb Code    34  stm32f4xx_rcc.o(.text)
    RCC_AHB1PeriphClockLPModeCmd             0x08003f07   Thumb Code    34  stm32f4xx_rcc.o(.text)
    RCC_AHB2PeriphClockLPModeCmd             0x08003f29   Thumb Code    34  stm32f4xx_rcc.o(.text)
    RCC_AHB3PeriphClockLPModeCmd             0x08003f4b   Thumb Code    34  stm32f4xx_rcc.o(.text)
    RCC_APB1PeriphClockLPModeCmd             0x08003f6d   Thumb Code    34  stm32f4xx_rcc.o(.text)
    RCC_APB2PeriphClockLPModeCmd             0x08003f8f   Thumb Code    34  stm32f4xx_rcc.o(.text)
    RCC_LSEModeConfig                        0x08003fb1   Thumb Code    40  stm32f4xx_rcc.o(.text)
    RCC_ITConfig                             0x08003fd9   Thumb Code    34  stm32f4xx_rcc.o(.text)
    RCC_ClearFlag                            0x08003ffb   Thumb Code    18  stm32f4xx_rcc.o(.text)
    RCC_GetITStatus                          0x0800400d   Thumb Code    22  stm32f4xx_rcc.o(.text)
    RCC_ClearITPendingBit                    0x08004023   Thumb Code     8  stm32f4xx_rcc.o(.text)
    USART_DeInit                             0x08004031   Thumb Code   206  stm32f4xx_usart.o(.text)
    USART_Init                               0x080040ff   Thumb Code   204  stm32f4xx_usart.o(.text)
    USART_StructInit                         0x080041cb   Thumb Code    24  stm32f4xx_usart.o(.text)
    USART_ClockInit                          0x080041e3   Thumb Code    32  stm32f4xx_usart.o(.text)
    USART_ClockStructInit                    0x08004203   Thumb Code    12  stm32f4xx_usart.o(.text)
    USART_Cmd                                0x0800420f   Thumb Code    24  stm32f4xx_usart.o(.text)
    USART_SetPrescaler                       0x08004227   Thumb Code    16  stm32f4xx_usart.o(.text)
    USART_OverSampling8Cmd                   0x08004237   Thumb Code    22  stm32f4xx_usart.o(.text)
    USART_OneBitMethodCmd                    0x0800424d   Thumb Code    24  stm32f4xx_usart.o(.text)
    USART_SendData                           0x08004265   Thumb Code     8  stm32f4xx_usart.o(.text)
    USART_ReceiveData                        0x0800426d   Thumb Code    10  stm32f4xx_usart.o(.text)
    USART_SetAddress                         0x08004277   Thumb Code    18  stm32f4xx_usart.o(.text)
    USART_ReceiverWakeUpCmd                  0x08004289   Thumb Code    24  stm32f4xx_usart.o(.text)
    USART_WakeUpConfig                       0x080042a1   Thumb Code    18  stm32f4xx_usart.o(.text)
    USART_LINBreakDetectLengthConfig         0x080042b3   Thumb Code    18  stm32f4xx_usart.o(.text)
    USART_LINCmd                             0x080042c5   Thumb Code    24  stm32f4xx_usart.o(.text)
    USART_SendBreak                          0x080042dd   Thumb Code    10  stm32f4xx_usart.o(.text)
    USART_HalfDuplexCmd                      0x080042e7   Thumb Code    24  stm32f4xx_usart.o(.text)
    USART_SetGuardTime                       0x080042ff   Thumb Code    16  stm32f4xx_usart.o(.text)
    USART_SmartCardCmd                       0x0800430f   Thumb Code    24  stm32f4xx_usart.o(.text)
    USART_SmartCardNACKCmd                   0x08004327   Thumb Code    24  stm32f4xx_usart.o(.text)
    USART_IrDAConfig                         0x0800433f   Thumb Code    18  stm32f4xx_usart.o(.text)
    USART_IrDACmd                            0x08004351   Thumb Code    24  stm32f4xx_usart.o(.text)
    USART_DMACmd                             0x08004369   Thumb Code    18  stm32f4xx_usart.o(.text)
    USART_ITConfig                           0x0800437b   Thumb Code    74  stm32f4xx_usart.o(.text)
    USART_GetFlagStatus                      0x080043c5   Thumb Code    26  stm32f4xx_usart.o(.text)
    USART_ClearFlag                          0x080043df   Thumb Code    18  stm32f4xx_usart.o(.text)
    USART_GetITStatus                        0x080043f1   Thumb Code   118  stm32f4xx_usart.o(.text)
    USART_ClearITPendingBit                  0x08004467   Thumb Code    30  stm32f4xx_usart.o(.text)
    TIM_DeInit                               0x08004485   Thumb Code   346  stm32f4xx_tim.o(.text)
    TIM_TimeBaseInit                         0x080045df   Thumb Code   104  stm32f4xx_tim.o(.text)
    TIM_TimeBaseStructInit                   0x08004647   Thumb Code    18  stm32f4xx_tim.o(.text)
    TIM_PrescalerConfig                      0x08004659   Thumb Code     6  stm32f4xx_tim.o(.text)
    TIM_CounterModeConfig                    0x0800465f   Thumb Code    18  stm32f4xx_tim.o(.text)
    TIM_SetCounter                           0x08004671   Thumb Code     4  stm32f4xx_tim.o(.text)
    TIM_SetAutoreload                        0x08004675   Thumb Code     4  stm32f4xx_tim.o(.text)
    TIM_GetCounter                           0x08004679   Thumb Code     6  stm32f4xx_tim.o(.text)
    TIM_GetPrescaler                         0x0800467f   Thumb Code     6  stm32f4xx_tim.o(.text)
    TIM_UpdateDisableConfig                  0x08004685   Thumb Code    24  stm32f4xx_tim.o(.text)
    TIM_UpdateRequestConfig                  0x0800469d   Thumb Code    24  stm32f4xx_tim.o(.text)
    TIM_ARRPreloadConfig                     0x080046b5   Thumb Code    24  stm32f4xx_tim.o(.text)
    TIM_SelectOnePulseMode                   0x080046cd   Thumb Code    18  stm32f4xx_tim.o(.text)
    TIM_SetClockDivision                     0x080046df   Thumb Code    18  stm32f4xx_tim.o(.text)
    TIM_Cmd                                  0x080046f1   Thumb Code    24  stm32f4xx_tim.o(.text)
    TIM_OC1Init                              0x08004709   Thumb Code   114  stm32f4xx_tim.o(.text)
    TIM_OC2Init                              0x0800477b   Thumb Code   154  stm32f4xx_tim.o(.text)
    TIM_OC3Init                              0x08004815   Thumb Code   204  stm32f4xx_tim.o(.text)
    TIM_OC4Init                              0x080048e1   Thumb Code   112  stm32f4xx_tim.o(.text)
    TIM_OCStructInit                         0x08004951   Thumb Code    20  stm32f4xx_tim.o(.text)
    TIM_SelectOCxM                           0x08004965   Thumb Code    86  stm32f4xx_tim.o(.text)
    TIM_SetCompare1                          0x080049bb   Thumb Code     4  stm32f4xx_tim.o(.text)
    TIM_SetCompare2                          0x080049bf   Thumb Code     4  stm32f4xx_tim.o(.text)
    TIM_SetCompare3                          0x080049c3   Thumb Code     4  stm32f4xx_tim.o(.text)
    TIM_SetCompare4                          0x080049c7   Thumb Code     4  stm32f4xx_tim.o(.text)
    TIM_ForcedOC1Config                      0x080049cb   Thumb Code    18  stm32f4xx_tim.o(.text)
    TIM_ForcedOC2Config                      0x080049dd   Thumb Code    26  stm32f4xx_tim.o(.text)
    TIM_ForcedOC3Config                      0x080049f7   Thumb Code    18  stm32f4xx_tim.o(.text)
    TIM_ForcedOC4Config                      0x08004a09   Thumb Code    26  stm32f4xx_tim.o(.text)
    TIM_OC1PreloadConfig                     0x08004a23   Thumb Code    18  stm32f4xx_tim.o(.text)
    TIM_OC2PreloadConfig                     0x08004a35   Thumb Code    26  stm32f4xx_tim.o(.text)
    TIM_OC3PreloadConfig                     0x08004a4f   Thumb Code    18  stm32f4xx_tim.o(.text)
    TIM_OC4PreloadConfig                     0x08004a61   Thumb Code    26  stm32f4xx_tim.o(.text)
    TIM_OC1FastConfig                        0x08004a7b   Thumb Code    18  stm32f4xx_tim.o(.text)
    TIM_OC2FastConfig                        0x08004a8d   Thumb Code    26  stm32f4xx_tim.o(.text)
    TIM_OC3FastConfig                        0x08004aa7   Thumb Code    18  stm32f4xx_tim.o(.text)
    TIM_OC4FastConfig                        0x08004ab9   Thumb Code    26  stm32f4xx_tim.o(.text)
    TIM_ClearOC1Ref                          0x08004ad3   Thumb Code    18  stm32f4xx_tim.o(.text)
    TIM_ClearOC2Ref                          0x08004ae5   Thumb Code    24  stm32f4xx_tim.o(.text)
    TIM_ClearOC3Ref                          0x08004afd   Thumb Code    18  stm32f4xx_tim.o(.text)
    TIM_ClearOC4Ref                          0x08004b0f   Thumb Code    24  stm32f4xx_tim.o(.text)
    TIM_OC1PolarityConfig                    0x08004b27   Thumb Code    18  stm32f4xx_tim.o(.text)
    TIM_OC1NPolarityConfig                   0x08004b39   Thumb Code    18  stm32f4xx_tim.o(.text)
    TIM_OC2PolarityConfig                    0x08004b4b   Thumb Code    26  stm32f4xx_tim.o(.text)
    TIM_OC2NPolarityConfig                   0x08004b65   Thumb Code    26  stm32f4xx_tim.o(.text)
    TIM_OC3PolarityConfig                    0x08004b7f   Thumb Code    26  stm32f4xx_tim.o(.text)
    TIM_OC3NPolarityConfig                   0x08004b99   Thumb Code    26  stm32f4xx_tim.o(.text)
    TIM_OC4PolarityConfig                    0x08004bb3   Thumb Code    26  stm32f4xx_tim.o(.text)
    TIM_CCxCmd                               0x08004bcd   Thumb Code    30  stm32f4xx_tim.o(.text)
    TIM_CCxNCmd                              0x08004beb   Thumb Code    30  stm32f4xx_tim.o(.text)
    TIM_SetIC4Prescaler                      0x08004c09   Thumb Code    26  stm32f4xx_tim.o(.text)
    TIM_SetIC3Prescaler                      0x08004c73   Thumb Code    18  stm32f4xx_tim.o(.text)
    TIM_SetIC2Prescaler                      0x08004ccd   Thumb Code    26  stm32f4xx_tim.o(.text)
    TIM_SetIC1Prescaler                      0x08004d41   Thumb Code    18  stm32f4xx_tim.o(.text)
    TIM_ICInit                               0x08004d8d   Thumb Code   110  stm32f4xx_tim.o(.text)
    TIM_ICStructInit                         0x08004dfb   Thumb Code    18  stm32f4xx_tim.o(.text)
    TIM_PWMIConfig                           0x08004e0d   Thumb Code   124  stm32f4xx_tim.o(.text)
    TIM_GetCapture1                          0x08004e89   Thumb Code     6  stm32f4xx_tim.o(.text)
    TIM_GetCapture2                          0x08004e8f   Thumb Code     6  stm32f4xx_tim.o(.text)
    TIM_GetCapture3                          0x08004e95   Thumb Code     6  stm32f4xx_tim.o(.text)
    TIM_GetCapture4                          0x08004e9b   Thumb Code     6  stm32f4xx_tim.o(.text)
    TIM_BDTRConfig                           0x08004ea1   Thumb Code    32  stm32f4xx_tim.o(.text)
    TIM_BDTRStructInit                       0x08004ec1   Thumb Code    18  stm32f4xx_tim.o(.text)
    TIM_CtrlPWMOutputs                       0x08004ed3   Thumb Code    30  stm32f4xx_tim.o(.text)
    TIM_SelectCOM                            0x08004ef1   Thumb Code    24  stm32f4xx_tim.o(.text)
    TIM_CCPreloadControl                     0x08004f09   Thumb Code    24  stm32f4xx_tim.o(.text)
    TIM_ITConfig                             0x08004f21   Thumb Code    18  stm32f4xx_tim.o(.text)
    TIM_GenerateEvent                        0x08004f33   Thumb Code     4  stm32f4xx_tim.o(.text)
    TIM_GetFlagStatus                        0x08004f37   Thumb Code    18  stm32f4xx_tim.o(.text)
    TIM_ClearFlag                            0x08004f49   Thumb Code     6  stm32f4xx_tim.o(.text)
    TIM_GetITStatus                          0x08004f4f   Thumb Code    34  stm32f4xx_tim.o(.text)
    TIM_ClearITPendingBit                    0x08004f71   Thumb Code     6  stm32f4xx_tim.o(.text)
    TIM_DMAConfig                            0x08004f77   Thumb Code    10  stm32f4xx_tim.o(.text)
    TIM_DMACmd                               0x08004f81   Thumb Code    18  stm32f4xx_tim.o(.text)
    TIM_SelectCCDMA                          0x08004f93   Thumb Code    24  stm32f4xx_tim.o(.text)
    TIM_InternalClockConfig                  0x08004fab   Thumb Code    12  stm32f4xx_tim.o(.text)
    TIM_SelectInputTrigger                   0x08004fb7   Thumb Code    18  stm32f4xx_tim.o(.text)
    TIM_ITRxExternalClockConfig              0x08004fc9   Thumb Code    24  stm32f4xx_tim.o(.text)
    TIM_TIxExternalClockConfig               0x08004fe1   Thumb Code    62  stm32f4xx_tim.o(.text)
    TIM_ETRConfig                            0x0800501f   Thumb Code    28  stm32f4xx_tim.o(.text)
    TIM_ETRClockMode1Config                  0x0800503b   Thumb Code    54  stm32f4xx_tim.o(.text)
    TIM_ETRClockMode2Config                  0x08005071   Thumb Code    32  stm32f4xx_tim.o(.text)
    TIM_SelectOutputTrigger                  0x08005091   Thumb Code    18  stm32f4xx_tim.o(.text)
    TIM_SelectSlaveMode                      0x080050a3   Thumb Code    18  stm32f4xx_tim.o(.text)
    TIM_SelectMasterSlaveMode                0x080050b5   Thumb Code    18  stm32f4xx_tim.o(.text)
    TIM_EncoderInterfaceConfig               0x080050c7   Thumb Code    66  stm32f4xx_tim.o(.text)
    TIM_SelectHallSensor                     0x08005109   Thumb Code    24  stm32f4xx_tim.o(.text)
    TIM_RemapConfig                          0x08005121   Thumb Code     6  stm32f4xx_tim.o(.text)
    FLASH_SetLatency                         0x08005129   Thumb Code     6  stm32f4xx_flash.o(.text)
    FLASH_PrefetchBufferCmd                  0x0800512f   Thumb Code    30  stm32f4xx_flash.o(.text)
    FLASH_InstructionCacheCmd                0x0800514d   Thumb Code    30  stm32f4xx_flash.o(.text)
    FLASH_DataCacheCmd                       0x0800516b   Thumb Code    30  stm32f4xx_flash.o(.text)
    FLASH_InstructionCacheReset              0x08005189   Thumb Code    14  stm32f4xx_flash.o(.text)
    FLASH_DataCacheReset                     0x08005197   Thumb Code    14  stm32f4xx_flash.o(.text)
    FLASH_Unlock                             0x080051a5   Thumb Code    26  stm32f4xx_flash.o(.text)
    FLASH_Lock                               0x080051bf   Thumb Code    18  stm32f4xx_flash.o(.text)
    FLASH_GetStatus                          0x080051d1   Thumb Code    90  stm32f4xx_flash.o(.text)
    FLASH_WaitForLastOperation               0x0800522b   Thumb Code    34  stm32f4xx_flash.o(.text)
    FLASH_EraseSector                        0x0800524d   Thumb Code   140  stm32f4xx_flash.o(.text)
    FLASH_EraseAllSectors                    0x080052d9   Thumb Code   118  stm32f4xx_flash.o(.text)
    FLASH_EraseAllBank1Sectors               0x0800534f   Thumb Code   112  stm32f4xx_flash.o(.text)
    FLASH_EraseAllBank2Sectors               0x080053bf   Thumb Code   112  stm32f4xx_flash.o(.text)
    FLASH_ProgramDoubleWord                  0x0800542f   Thumb Code    86  stm32f4xx_flash.o(.text)
    FLASH_ProgramWord                        0x08005485   Thumb Code    82  stm32f4xx_flash.o(.text)
    FLASH_ProgramHalfWord                    0x080054d7   Thumb Code    96  stm32f4xx_flash.o(.text)
    FLASH_ProgramByte                        0x08005537   Thumb Code    70  stm32f4xx_flash.o(.text)
    FLASH_OB_Unlock                          0x0800557d   Thumb Code    26  stm32f4xx_flash.o(.text)
    FLASH_OB_Lock                            0x08005597   Thumb Code    18  stm32f4xx_flash.o(.text)
    FLASH_OB_WRPConfig                       0x080055a9   Thumb Code    54  stm32f4xx_flash.o(.text)
    FLASH_OB_WRP1Config                      0x080055df   Thumb Code    54  stm32f4xx_flash.o(.text)
    FLASH_OB_PCROPSelectionConfig            0x08005615   Thumb Code    24  stm32f4xx_flash.o(.text)
    FLASH_OB_PCROPConfig                     0x0800562d   Thumb Code    54  stm32f4xx_flash.o(.text)
    FLASH_OB_PCROP1Config                    0x08005663   Thumb Code    54  stm32f4xx_flash.o(.text)
    FLASH_OB_RDPConfig                       0x08005699   Thumb Code    24  stm32f4xx_flash.o(.text)
    FLASH_OB_UserConfig                      0x080056b1   Thumb Code    46  stm32f4xx_flash.o(.text)
    FLASH_OB_BootConfig                      0x080056df   Thumb Code    26  stm32f4xx_flash.o(.text)
    FLASH_OB_BORConfig                       0x080056f9   Thumb Code    26  stm32f4xx_flash.o(.text)
    FLASH_OB_Launch                          0x08005713   Thumb Code    30  stm32f4xx_flash.o(.text)
    FLASH_OB_GetUser                         0x08005731   Thumb Code    12  stm32f4xx_flash.o(.text)
    FLASH_OB_GetWRP                          0x0800573d   Thumb Code     8  stm32f4xx_flash.o(.text)
    FLASH_OB_GetWRP1                         0x08005745   Thumb Code     8  stm32f4xx_flash.o(.text)
    FLASH_OB_GetPCROP                        0x0800574d   Thumb Code     8  stm32f4xx_flash.o(.text)
    FLASH_OB_GetPCROP1                       0x08005755   Thumb Code     8  stm32f4xx_flash.o(.text)
    FLASH_OB_GetRDP                          0x0800575d   Thumb Code    20  stm32f4xx_flash.o(.text)
    FLASH_OB_GetBOR                          0x08005771   Thumb Code    12  stm32f4xx_flash.o(.text)
    FLASH_ITConfig                           0x0800577d   Thumb Code    26  stm32f4xx_flash.o(.text)
    FLASH_GetFlagStatus                      0x08005797   Thumb Code    22  stm32f4xx_flash.o(.text)
    FLASH_ClearFlag                          0x080057ad   Thumb Code     8  stm32f4xx_flash.o(.text)
    PWR_DeInit                               0x080057c1   Thumb Code    22  stm32f4xx_pwr.o(.text)
    PWR_BackupAccessCmd                      0x080057d7   Thumb Code     6  stm32f4xx_pwr.o(.text)
    PWR_PVDLevelConfig                       0x080057dd   Thumb Code    18  stm32f4xx_pwr.o(.text)
    PWR_PVDCmd                               0x080057ef   Thumb Code     6  stm32f4xx_pwr.o(.text)
    PWR_WakeUpPinCmd                         0x080057f5   Thumb Code     8  stm32f4xx_pwr.o(.text)
    PWR_BackupRegulatorCmd                   0x080057fd   Thumb Code     8  stm32f4xx_pwr.o(.text)
    PWR_MainRegulatorModeConfig              0x08005805   Thumb Code    18  stm32f4xx_pwr.o(.text)
    PWR_OverDriveCmd                         0x08005817   Thumb Code     6  stm32f4xx_pwr.o(.text)
    PWR_OverDriveSWCmd                       0x0800581d   Thumb Code     6  stm32f4xx_pwr.o(.text)
    PWR_UnderDriveCmd                        0x08005823   Thumb Code    30  stm32f4xx_pwr.o(.text)
    PWR_MainRegulatorLowVoltageCmd           0x08005841   Thumb Code    18  stm32f4xx_pwr.o(.text)
    PWR_LowRegulatorLowVoltageCmd            0x08005853   Thumb Code    18  stm32f4xx_pwr.o(.text)
    PWR_FlashPowerDownCmd                    0x08005865   Thumb Code     6  stm32f4xx_pwr.o(.text)
    PWR_EnterSTOPMode                        0x0800586b   Thumb Code    58  stm32f4xx_pwr.o(.text)
    PWR_EnterUnderDriveSTOPMode              0x080058a5   Thumb Code    58  stm32f4xx_pwr.o(.text)
    PWR_EnterSTANDBYMode                     0x080058df   Thumb Code    32  stm32f4xx_pwr.o(.text)
    PWR_GetFlagStatus                        0x080058ff   Thumb Code    20  stm32f4xx_pwr.o(.text)
    PWR_ClearFlag                            0x08005913   Thumb Code    34  stm32f4xx_pwr.o(.text)
    ADC_DeInit                               0x08005941   Thumb Code    22  stm32f4xx_adc.o(.text)
    ADC_Init                                 0x08005957   Thumb Code    74  stm32f4xx_adc.o(.text)
    ADC_StructInit                           0x080059a1   Thumb Code    20  stm32f4xx_adc.o(.text)
    ADC_CommonInit                           0x080059b5   Thumb Code    34  stm32f4xx_adc.o(.text)
    ADC_CommonStructInit                     0x080059d7   Thumb Code    12  stm32f4xx_adc.o(.text)
    ADC_Cmd                                  0x080059e3   Thumb Code    22  stm32f4xx_adc.o(.text)
    ADC_AnalogWatchdogCmd                    0x080059f9   Thumb Code    16  stm32f4xx_adc.o(.text)
    ADC_AnalogWatchdogThresholdsConfig       0x08005a09   Thumb Code     6  stm32f4xx_adc.o(.text)
    ADC_AnalogWatchdogSingleChannelConfig    0x08005a0f   Thumb Code    16  stm32f4xx_adc.o(.text)
    ADC_TempSensorVrefintCmd                 0x08005a1f   Thumb Code    34  stm32f4xx_adc.o(.text)
    ADC_VBATCmd                              0x08005a41   Thumb Code    34  stm32f4xx_adc.o(.text)
    ADC_RegularChannelConfig                 0x08005a63   Thumb Code   184  stm32f4xx_adc.o(.text)
    ADC_SoftwareStartConv                    0x08005b1b   Thumb Code    10  stm32f4xx_adc.o(.text)
    ADC_GetSoftwareStartConvStatus           0x08005b25   Thumb Code    20  stm32f4xx_adc.o(.text)
    ADC_EOCOnEachRegularChannelCmd           0x08005b39   Thumb Code    22  stm32f4xx_adc.o(.text)
    ADC_ContinuousModeCmd                    0x08005b4f   Thumb Code    22  stm32f4xx_adc.o(.text)
    ADC_DiscModeChannelCountConfig           0x08005b65   Thumb Code    24  stm32f4xx_adc.o(.text)
    ADC_DiscModeCmd                          0x08005b7d   Thumb Code    22  stm32f4xx_adc.o(.text)
    ADC_GetConversionValue                   0x08005b93   Thumb Code     8  stm32f4xx_adc.o(.text)
    ADC_GetMultiModeConversionValue          0x08005b9b   Thumb Code     8  stm32f4xx_adc.o(.text)
    ADC_DMACmd                               0x08005ba3   Thumb Code    22  stm32f4xx_adc.o(.text)
    ADC_DMARequestAfterLastTransferCmd       0x08005bb9   Thumb Code    22  stm32f4xx_adc.o(.text)
    ADC_MultiModeDMARequestAfterLastTransferCmd 0x08005bcf   Thumb Code    34  stm32f4xx_adc.o(.text)
    ADC_InjectedChannelConfig                0x08005bf1   Thumb Code   130  stm32f4xx_adc.o(.text)
    ADC_InjectedSequencerLengthConfig        0x08005c73   Thumb Code    24  stm32f4xx_adc.o(.text)
    ADC_SetInjectedOffset                    0x08005c8b   Thumb Code    20  stm32f4xx_adc.o(.text)
    ADC_ExternalTrigInjectedConvConfig       0x08005c9f   Thumb Code    16  stm32f4xx_adc.o(.text)
    ADC_ExternalTrigInjectedConvEdgeConfig   0x08005caf   Thumb Code    16  stm32f4xx_adc.o(.text)
    ADC_SoftwareStartInjectedConv            0x08005cbf   Thumb Code    10  stm32f4xx_adc.o(.text)
    ADC_GetSoftwareStartInjectedConvCmdStatus 0x08005cc9   Thumb Code    20  stm32f4xx_adc.o(.text)
    ADC_AutoInjectedConvCmd                  0x08005cdd   Thumb Code    22  stm32f4xx_adc.o(.text)
    ADC_InjectedDiscModeCmd                  0x08005cf3   Thumb Code    22  stm32f4xx_adc.o(.text)
    ADC_GetInjectedConversionValue           0x08005d09   Thumb Code    28  stm32f4xx_adc.o(.text)
    ADC_ITConfig                             0x08005d25   Thumb Code    56  stm32f4xx_adc.o(.text)
    ADC_GetFlagStatus                        0x08005d5d   Thumb Code    18  stm32f4xx_adc.o(.text)
    ADC_ClearFlag                            0x08005d6f   Thumb Code     6  stm32f4xx_adc.o(.text)
    ADC_GetITStatus                          0x08005d75   Thumb Code    38  stm32f4xx_adc.o(.text)
    ADC_ClearITPendingBit                    0x08005d9b   Thumb Code    10  stm32f4xx_adc.o(.text)
    __aeabi_f2d                              0x08005da5   Thumb Code    38  f2d.o(.text)
    __aeabi_uidiv                            0x08005dcb   Thumb Code     0  uidiv.o(.text)
    __aeabi_uidivmod                         0x08005dcb   Thumb Code    44  uidiv.o(.text)
    __aeabi_uldivmod                         0x08005df7   Thumb Code    98  uldiv.o(.text)
    __I$use$fp                               0x08005e59   Thumb Code     0  iusefp.o(.text)
    __aeabi_dadd                             0x08005e59   Thumb Code   322  dadd.o(.text)
    __aeabi_dsub                             0x08005f9b   Thumb Code     6  dadd.o(.text)
    __aeabi_drsub                            0x08005fa1   Thumb Code     6  dadd.o(.text)
    __aeabi_dmul                             0x08005fa7   Thumb Code   228  dmul.o(.text)
    __aeabi_ddiv                             0x0800608b   Thumb Code   222  ddiv.o(.text)
    __aeabi_d2ulz                            0x08006169   Thumb Code    48  dfixul.o(.text)
    __aeabi_cdrcmple                         0x08006199   Thumb Code    48  cdrcmple.o(.text)
    __scatterload                            0x080061c9   Thumb Code    28  init.o(.text)
    __scatterload_rt2                        0x080061c9   Thumb Code     0  init.o(.text)
    __aeabi_llsl                             0x080061ed   Thumb Code    30  llshl.o(.text)
    _ll_shift_l                              0x080061ed   Thumb Code     0  llshl.o(.text)
    __aeabi_llsr                             0x0800620b   Thumb Code    32  llushr.o(.text)
    _ll_ushift_r                             0x0800620b   Thumb Code     0  llushr.o(.text)
    __aeabi_lasr                             0x0800622b   Thumb Code    36  llsshr.o(.text)
    _ll_sshift_r                             0x0800622b   Thumb Code     0  llsshr.o(.text)
    _double_round                            0x0800624f   Thumb Code    30  depilogue.o(.text)
    _double_epilogue                         0x0800626d   Thumb Code   156  depilogue.o(.text)
    __decompress                             0x08006309   Thumb Code     0  __dczerorl2.o(.text)
    __decompress1                            0x08006309   Thumb Code    86  __dczerorl2.o(.text)
    __0printf                                0x08006361   Thumb Code    22  printfa.o(i.__0printf)
    __1printf                                0x08006361   Thumb Code     0  printfa.o(i.__0printf)
    __2printf                                0x08006361   Thumb Code     0  printfa.o(i.__0printf)
    __c89printf                              0x08006361   Thumb Code     0  printfa.o(i.__0printf)
    printf                                   0x08006361   Thumb Code     0  printfa.o(i.__0printf)
    __0snprintf                              0x08006381   Thumb Code    44  printfa.o(i.__0snprintf)
    __1snprintf                              0x08006381   Thumb Code     0  printfa.o(i.__0snprintf)
    __2snprintf                              0x08006381   Thumb Code     0  printfa.o(i.__0snprintf)
    __c89snprintf                            0x08006381   Thumb Code     0  printfa.o(i.__0snprintf)
    snprintf                                 0x08006381   Thumb Code     0  printfa.o(i.__0snprintf)
    __scatterload_copy                       0x080063b1   Thumb Code    14  handlers.o(i.__scatterload_copy)
    __scatterload_null                       0x080063bf   Thumb Code     2  handlers.o(i.__scatterload_null)
    __scatterload_zeroinit                   0x080063c1   Thumb Code    14  handlers.o(i.__scatterload_zeroinit)
    TM_Font7x10                              0x08006cac   Data        1900  tm_stm32f4_fonts.o(.constdata)
    TM_Font11x18                             0x08007418   Data        3420  tm_stm32f4_fonts.o(.constdata)
    TM_Font16x26                             0x08008174   Data        4940  tm_stm32f4_fonts.o(.constdata)
    Region$$Table$$Base                      0x080094f0   Number         0  anon$$obj.o(Region$$Table)
    Region$$Table$$Limit                     0x08009510   Number         0  anon$$obj.o(Region$$Table)
    TM_Time                                  0x2000000c   Data           4  main.o(.data)
    mode_str                                 0x20000014   Data          16  main.o(.data)
    SystemCoreClock                          0x20000028   Data           4  system_stm32f4xx.o(.data)
    AHBPrescTable                            0x2000002c   Data          16  system_stm32f4xx.o(.data)
    TM_Font_7x10                             0x20000054   Data           8  tm_stm32f4_fonts.o(.data)
    TM_Font_11x18                            0x2000005c   Data           8  tm_stm32f4_fonts.o(.data)
    TM_Font_16x26                            0x20000064   Data           8  tm_stm32f4_fonts.o(.data)
    ILI9341_x                                0x2000006c   Data           2  tm_stm32f4_ili9341.o(.data)
    ILI9341_y                                0x2000006e   Data           2  tm_stm32f4_ili9341.o(.data)
    ILI9341_Opts                             0x20000070   Data           6  tm_stm32f4_ili9341.o(.data)
    ILI9341_INT_CalledFromPuts               0x20000076   Data           1  tm_stm32f4_ili9341.o(.data)
    __stdout                                 0x20000114   Data           4  usart.o(.data)
    USART_RX_STA                             0x20000118   Data           2  usart.o(.data)
    USART_RX_BUF                             0x20000310   Data         200  usart.o(.bss)
    __initial_sp                             0x200007d8   Data           0  startup_stm32f429_439xx.o(STACK)



==============================================================================

Memory Map of the image

  Image Entry point : 0x080001ad

  Load Region LR_IROM1 (Base: 0x08000000, Size: 0x0000963c, Max: 0x00800000, ABSOLUTE, COMPRESSED[0x00009580])

    Execution Region ER_IROM1 (Base: 0x08000000, Size: 0x00009510, Max: 0x00800000, ABSOLUTE)

    Base Addr    Size         Type   Attr      Idx    E Section Name        Object

    0x08000000   0x000001ac   Data   RO          799    RESET               startup_stm32f429_439xx.o
    0x080001ac   0x00000000   Code   RO          986  * .ARM.Collect$$$$00000000  mc_w.l(entry.o)
    0x080001ac   0x00000004   Code   RO         1254    .ARM.Collect$$$$00000001  mc_w.l(entry2.o)
    0x080001b0   0x00000004   Code   RO         1257    .ARM.Collect$$$$00000004  mc_w.l(entry5.o)
    0x080001b4   0x00000000   Code   RO         1259    .ARM.Collect$$$$00000008  mc_w.l(entry7b.o)
    0x080001b4   0x00000000   Code   RO         1261    .ARM.Collect$$$$0000000A  mc_w.l(entry8b.o)
    0x080001b4   0x00000008   Code   RO         1262    .ARM.Collect$$$$0000000B  mc_w.l(entry9a.o)
    0x080001bc   0x00000000   Code   RO         1264    .ARM.Collect$$$$0000000D  mc_w.l(entry10a.o)
    0x080001bc   0x00000000   Code   RO         1266    .ARM.Collect$$$$0000000F  mc_w.l(entry11a.o)
    0x080001bc   0x00000004   Code   RO         1255    .ARM.Collect$$$$00002712  mc_w.l(entry2.o)
    0x080001c0   0x00000528   Code   RO            3    .text               main.o
    0x080006e8   0x00000018   Code   RO          220    .text               stm32f4xx_it.o
    0x08000700   0x00000244   Code   RO          269    .text               system_stm32f4xx.o
    0x08000944   0x000003a8   Code   RO          295    .text               stm32f4xx_dma.o
    0x08000cec   0x0000044e   Code   RO          315    .text               stm32f4xx_spi.o
    0x0800113a   0x00000002   PAD
    0x0800113c   0x000000c0   Code   RO          335    .text               led.o
    0x080011fc   0x000000b8   Code   RO          356    .text               timer.o
    0x080012b4   0x00000180   Code   RO          404    .text               pwm.o
    0x08001434   0x000000d2   Code   RO          424    .text               rcc.o
    0x08001506   0x00000002   PAD
    0x08001508   0x000000e4   Code   RO          444    .text               key.o
    0x080015ec   0x0000011c   Code   RO          507    .text               lsens.o
    0x08001708   0x000000a0   Code   RO          529    .text               adc3.o
    0x080017a8   0x000002b4   Code   RO          549    .text               tm_stm32f4_dma.o
    0x08001a5c   0x00000300   Code   RO          605    .text               tm_stm32f4_gpio.o
    0x08001d5c   0x00000a98   Code   RO          627    .text               tm_stm32f4_ili9341.o
    0x080027f4   0x000007b0   Code   RO          656    .text               tm_stm32f4_spi.o
    0x08002fa4   0x0000033c   Code   RO          676    .text               tm_stm32f4_spi_dma.o
    0x080032e0   0x000000e8   Code   RO          702    .text               systick.o
    0x080033c8   0x00000104   Code   RO          728    .text               delay.o
    0x080034cc   0x0000016c   Code   RO          768    .text               usart.o
    0x08003638   0x00000024   Code   RO          800    .text               startup_stm32f429_439xx.o
    0x0800365c   0x000000e0   Code   RO          806    .text               misc.o
    0x0800373c   0x00000294   Code   RO          826    .text               stm32f4xx_gpio.o
    0x080039d0   0x00000660   Code   RO          846    .text               stm32f4xx_rcc.o
    0x08004030   0x00000454   Code   RO          888    .text               stm32f4xx_usart.o
    0x08004484   0x00000ca2   Code   RO          908    .text               stm32f4xx_tim.o
    0x08005126   0x00000002   PAD
    0x08005128   0x00000698   Code   RO          928    .text               stm32f4xx_flash.o
    0x080057c0   0x00000180   Code   RO          948    .text               stm32f4xx_pwr.o
    0x08005940   0x00000464   Code   RO          968    .text               stm32f4xx_adc.o
    0x08005da4   0x00000026   Code   RO         1252    .text               mf_w.l(f2d.o)
    0x08005dca   0x0000002c   Code   RO         1268    .text               mc_w.l(uidiv.o)
    0x08005df6   0x00000062   Code   RO         1270    .text               mc_w.l(uldiv.o)
    0x08005e58   0x00000000   Code   RO         1272    .text               mc_w.l(iusefp.o)
    0x08005e58   0x0000014e   Code   RO         1273    .text               mf_w.l(dadd.o)
    0x08005fa6   0x000000e4   Code   RO         1275    .text               mf_w.l(dmul.o)
    0x0800608a   0x000000de   Code   RO         1277    .text               mf_w.l(ddiv.o)
    0x08006168   0x00000030   Code   RO         1279    .text               mf_w.l(dfixul.o)
    0x08006198   0x00000030   Code   RO         1281    .text               mf_w.l(cdrcmple.o)
    0x080061c8   0x00000024   Code   RO         1283    .text               mc_w.l(init.o)
    0x080061ec   0x0000001e   Code   RO         1285    .text               mc_w.l(llshl.o)
    0x0800620a   0x00000020   Code   RO         1287    .text               mc_w.l(llushr.o)
    0x0800622a   0x00000024   Code   RO         1289    .text               mc_w.l(llsshr.o)
    0x0800624e   0x000000ba   Code   RO         1291    .text               mf_w.l(depilogue.o)
    0x08006308   0x00000056   Code   RO         1301    .text               mc_w.l(__dczerorl2.o)
    0x0800635e   0x00000002   PAD
    0x08006360   0x00000020   Code   RO         1224    i.__0printf         mc_w.l(printfa.o)
    0x08006380   0x00000030   Code   RO         1225    i.__0snprintf       mc_w.l(printfa.o)
    0x080063b0   0x0000000e   Code   RO         1295    i.__scatterload_copy  mc_w.l(handlers.o)
    0x080063be   0x00000002   Code   RO         1296    i.__scatterload_null  mc_w.l(handlers.o)
    0x080063c0   0x0000000e   Code   RO         1297    i.__scatterload_zeroinit  mc_w.l(handlers.o)
    0x080063ce   0x00000002   PAD
    0x080063d0   0x00000184   Code   RO         1231    i._fp_digits        mc_w.l(printfa.o)
    0x08006554   0x000006dc   Code   RO         1232    i._printf_core      mc_w.l(printfa.o)
    0x08006c30   0x00000024   Code   RO         1233    i._printf_post_padding  mc_w.l(printfa.o)
    0x08006c54   0x0000002e   Code   RO         1234    i._printf_pre_padding  mc_w.l(printfa.o)
    0x08006c82   0x00000016   Code   RO         1235    i._snputc           mc_w.l(printfa.o)
    0x08006c98   0x00000014   Data   RO          550    .constdata          tm_stm32f4_dma.o
    0x08006cac   0x00002814   Data   RO          576    .constdata          tm_stm32f4_fonts.o
    0x080094c0   0x0000002e   Data   RO            5    .conststring        main.o
    0x080094ee   0x00000002   PAD
    0x080094f0   0x00000020   Data   RO         1293    Region$$Table       anon$$obj.o


    Execution Region RW_IRAM1 (Base: 0x20000000, Size: 0x000007d8, Max: 0x00800000, ABSOLUTE, COMPRESSED[0x00000070])

    Base Addr    Size         Type   Attr      Idx    E Section Name        Object

    0x20000000   0x00000028   Data   RW            6    .data               main.o
    0x20000028   0x00000014   Data   RW          270    .data               system_stm32f4xx.o
    0x2000003c   0x00000004   Data   RW          336    .data               led.o
    0x20000040   0x00000004   Data   RW          357    .data               timer.o
    0x20000044   0x00000001   Data   RW          445    .data               key.o
    0x20000045   0x00000003   PAD
    0x20000048   0x0000000b   Data   RW          508    .data               lsens.o
    0x20000053   0x00000001   PAD
    0x20000054   0x00000018   Data   RW          577    .data               tm_stm32f4_fonts.o
    0x2000006c   0x0000000b   Data   RW          628    .data               tm_stm32f4_ili9341.o
    0x20000077   0x00000001   PAD
    0x20000078   0x00000090   Data   RW          678    .data               tm_stm32f4_spi_dma.o
    0x20000108   0x00000008   Data   RW          703    .data               systick.o
    0x20000110   0x00000004   Data   RW          729    .data               delay.o
    0x20000114   0x00000006   Data   RW          770    .data               usart.o
    0x2000011a   0x00000010   Data   RW          847    .data               stm32f4xx_rcc.o
    0x2000012a   0x00000002   PAD
    0x2000012c   0x00000190   Zero   RW            4    .bss                main.o
    0x200002bc   0x00000016   Zero   RW          606    .bss                tm_stm32f4_gpio.o
    0x200002d2   0x00000002   PAD
    0x200002d4   0x0000003c   Zero   RW          677    .bss                tm_stm32f4_spi_dma.o
    0x20000310   0x000000c8   Zero   RW          769    .bss                usart.o
    0x200003d8   0x00000400   Zero   RW          797    STACK               startup_stm32f429_439xx.o


==============================================================================

Image component sizes


      Code (inc. data)   RO Data    RW Data    ZI Data      Debug   Object Name

       160          6          0          0          0        869   adc3.o
       260          8          0          4          0       1565   delay.o
       228         10          0          1          0        792   key.o
       192         18          0          4          0        814   led.o
       284         64          0         11          0       1227   lsens.o
      1320        106         46         40        400     348049   main.o
       224         20          0          0          0       1901   misc.o
       384         18          0          0          0       1468   pwm.o
       210          0          0          0          0       1098   rcc.o
        36          8        428          0       1024        856   startup_stm32f429_439xx.o
      1124         24          0          0          0      10770   stm32f4xx_adc.o
       936         32          0          0          0       6465   stm32f4xx_dma.o
      1688         24          0          0          0       9498   stm32f4xx_flash.o
       660         44          0          0          0       4241   stm32f4xx_gpio.o
        24          0          0          0          0     235142   stm32f4xx_it.o
       384         12          0          0          0       3847   stm32f4xx_pwr.o
      1632         54          0         16          0      13216   stm32f4xx_rcc.o
      1102         32          0          0          0       7001   stm32f4xx_spi.o
      3234         60          0          0          0      23096   stm32f4xx_tim.o
      1108         34          0          0          0       7964   stm32f4xx_usart.o
       580         46          0         20          0       1927   system_stm32f4xx.o
       232         20          0          8          0       2464   systick.o
       184          8          0          4          0     243570   timer.o
       692         22         20          0          0      32589   tm_stm32f4_dma.o
         0          0      10260         24          0       1393   tm_stm32f4_fonts.o
       768         10          0          0         22       5704   tm_stm32f4_gpio.o
      2712         46          0         11          0      12329   tm_stm32f4_ili9341.o
      1968         84          0          0          0       7099   tm_stm32f4_spi.o
       828         60          0        144         60       5014   tm_stm32f4_spi_dma.o
       364         18          0          6        200       3482   usart.o

    ----------------------------------------------------------------------
     23524        888      10788        300       1708     995450   Object Totals
         0          0         32          0          0          0   (incl. Generated)
         6          0          2          7          2          0   (incl. Padding)

    ----------------------------------------------------------------------

      Code (inc. data)   RO Data    RW Data    ZI Data      Debug   Library Member Name

        86          0          0          0          0          0   __dczerorl2.o
         0          0          0          0          0          0   entry.o
         0          0          0          0          0          0   entry10a.o
         0          0          0          0          0          0   entry11a.o
         8          4          0          0          0          0   entry2.o
         4          0          0          0          0          0   entry5.o
         0          0          0          0          0          0   entry7b.o
         0          0          0          0          0          0   entry8b.o
         8          4          0          0          0          0   entry9a.o
        30          0          0          0          0          0   handlers.o
        36          8          0          0          0         68   init.o
         0          0          0          0          0          0   iusefp.o
        30          0          0          0          0         68   llshl.o
        36          0          0          0          0         68   llsshr.o
        32          0          0          0          0         68   llushr.o
      2328         94          0          0          0        604   printfa.o
        44          0          0          0          0         80   uidiv.o
        98          0          0          0          0         92   uldiv.o
        48          0          0          0          0         68   cdrcmple.o
       334          0          0          0          0        148   dadd.o
       222          0          0          0          0        100   ddiv.o
       186          0          0          0          0        176   depilogue.o
        48          0          0          0          0         68   dfixul.o
       228          0          0          0          0         96   dmul.o
        38          0          0          0          0         68   f2d.o

    ----------------------------------------------------------------------
      3848        110          0          0          0       1772   Library Totals
         4          0          0          0          0          0   (incl. Padding)

    ----------------------------------------------------------------------

      Code (inc. data)   RO Data    RW Data    ZI Data      Debug   Library Name

      2740        110          0          0          0       1048   mc_w.l
      1104          0          0          0          0        724   mf_w.l

    ----------------------------------------------------------------------
      3848        110          0          0          0       1772   Library Totals

    ----------------------------------------------------------------------

==============================================================================


      Code (inc. data)   RO Data    RW Data    ZI Data      Debug   

     27372        998      10788        300       1708     990322   Grand Totals
     27372        998      10788        112       1708     990322   ELF Image Totals (compressed)
     27372        998      10788        112          0          0   ROM Totals

==============================================================================

    Total RO  Size (Code + RO Data)                38160 (  37.27kB)
    Total RW  Size (RW Data + ZI Data)              2008 (   1.96kB)
    Total ROM Size (Code + RO Data + RW Data)      38272 (  37.38kB)

==============================================================================

