<html>
<body>
<pre>
<h1>礦ision Build Log</h1>
<h2>Tool Versions:</h2>
IDE-Version: μVision V5.23.0.0
Copyright (C) 2017 ARM Ltd and ARM Germany GmbH. All rights reserved.
License Information: zch zch, zzz, LIC=LJWP0-BHLVM-5BAEB-2QLF6-IIFFL-LU5CH
 
Tool Versions:
Toolchain:       MDK-ARM Professional  Version: 5.23
Toolchain Path:  C:\Keil_v5\ARM\ARMCC\Bin
C Compiler:      Armcc.exe V5.06 update 4 (build 422)
Assembler:       Armasm.exe V5.06 update 4 (build 422)
Linker/Locator:  ArmLink.exe V5.06 update 4 (build 422)
Library Manager: ArmAr.exe V5.06 update 4 (build 422)
Hex Converter:   FromElf.exe V5.06 update 4 (build 422)
CPU DLL:         SARMCM3.DLL V5.23
Dialog DLL:      DCM.DLL V1.15.0.0
Target DLL:      STLink\ST-LINKIII-KEIL_SWO.dll V2.0.18.0
Dialog DLL:      TCM.DLL V1.27.0.0
 
<h2>Project:</h2>
E:\学习\课程\大三\大三下\嵌入式\实验课\嵌入式教学-STM32学习配套软件和资料\教学演示工程-STM32F429-Discoery-\实验20 光敏传感器-ADC实验\USER\LSENS.uvprojx
Project File Date:  04/06/2025

<h2>Output:</h2>
*** Using Compiler 'V5.06 update 4 (build 422)', folder: 'C:\Keil_v5\ARM\ARMCC\Bin'
Rebuild target 'LSENS'
compiling delay.c...
compiling led.c...
compiling lcd.c...
compiling stm32f4xx_it.c...
compiling sys.c...
compiling adc3.c...
compiling system_stm32f4xx.c...
compiling lsens.c...
compiling main.c...
assembling startup_stm32f429xx.s...
compiling usart.c...
compiling stm32f4xx_adc.c...
compiling misc.c...
compiling stm32f4xx_syscfg.c...
compiling stm32f4xx_gpio.c...
compiling stm32f4xx_fsmc.c...
compiling stm32f4xx_usart.c...
compiling stm32f4xx_rcc.c...
linking...
Program Size: Code=23306 RO-data=6610 RW-data=52 ZI-data=1852  
FromELF: creating hex file...
"..\OBJ\LSENS.axf" - 0 Error(s), 0 Warning(s).

<h2>Collection of Component include folders:</h2>
  .\RTE\_LSENS
  C:\Keil_v5\ARM\PACK\Keil\STM32F4xx_DFP\2.7.0\Drivers\CMSIS\Device\ST\STM32F4xx\Include

<h2>Collection of Component Files used:</h2>
Build Time Elapsed:  00:00:07
</pre>
</body>
</html>
